Component: ARM Compiler 6.16 Tool: armlink [5dfeaa00]

==============================================================================

Section Cross References

    gd32f3x0_it.o(.ARM.exidx.text.NMI_Handler) refers to gd32f3x0_it.o(.text.NMI_Handler) for [Anonymous Symbol]
    gd32f3x0_it.o(.ARM.exidx.text.MemManage_Handler) refers to gd32f3x0_it.o(.text.MemManage_Handler) for [Anonymous Symbol]
    gd32f3x0_it.o(.ARM.exidx.text.BusFault_Handler) refers to gd32f3x0_it.o(.text.BusFault_Handler) for [Anonymous Symbol]
    gd32f3x0_it.o(.ARM.exidx.text.UsageFault_Handler) refers to gd32f3x0_it.o(.text.UsageFault_Handler) for [Anonymous Symbol]
    gd32f3x0_it.o(.ARM.exidx.text.DebugMon_Handler) refers to gd32f3x0_it.o(.text.DebugMon_Handler) for [Anonymous Symbol]
    main.o(.text) refers (Special) to _printf_d.o(.ARM.Collect$$_printf_percent$$00000009) for _printf_d
    main.o(.text) refers (Special) to _printf_f.o(.ARM.Collect$$_printf_percent$$00000003) for _printf_f
    main.o(.text) refers (Special) to printf1.o(x$fpl$printf1) for _printf_fp_dec
    main.o(.text) refers (Special) to _printf_dec.o(.text) for _printf_int_dec
    main.o(.text) refers (Special) to _printf_percent.o(.ARM.Collect$$_printf_percent$$00000000) for _printf_percent
    main.o(.text.App_Print_Adc_Data_Thread) refers (Special) to _printf_d.o(.ARM.Collect$$_printf_percent$$00000009) for _printf_d
    main.o(.text.App_Print_Adc_Data_Thread) refers (Special) to _printf_f.o(.ARM.Collect$$_printf_percent$$00000003) for _printf_f
    main.o(.text.App_Print_Adc_Data_Thread) refers (Special) to printf1.o(x$fpl$printf1) for _printf_fp_dec
    main.o(.text.App_Print_Adc_Data_Thread) refers (Special) to _printf_dec.o(.text) for _printf_int_dec
    main.o(.text.App_Print_Adc_Data_Thread) refers (Special) to _printf_percent.o(.ARM.Collect$$_printf_percent$$00000000) for _printf_percent
    main.o(.text.App_Print_Adc_Data_Thread) refers to thread.o(.text.rt_thread_mdelay) for rt_thread_mdelay
    main.o(.text.App_Print_Adc_Data_Thread) refers to bsp_adc.o(.text.Test_Adc_Get_Raw) for Test_Adc_Get_Raw
    main.o(.text.App_Print_Adc_Data_Thread) refers to bsp_adc.o(.text.Test_Adc_Get_Voltage) for Test_Adc_Get_Voltage
    main.o(.text.App_Print_Adc_Data_Thread) refers to f2d.o(x$fpl$f2d) for __aeabi_f2d
    main.o(.text.App_Print_Adc_Data_Thread) refers to noretval__2sprintf.o(.text) for __2sprintf
    main.o(.text.App_Print_Adc_Data_Thread) refers to kservice.o(.text.rt_kprintf) for rt_kprintf
    main.o(.ARM.exidx.text.App_Print_Adc_Data_Thread) refers (Special) to _printf_d.o(.ARM.Collect$$_printf_percent$$00000009) for _printf_d
    main.o(.ARM.exidx.text.App_Print_Adc_Data_Thread) refers (Special) to _printf_f.o(.ARM.Collect$$_printf_percent$$00000003) for _printf_f
    main.o(.ARM.exidx.text.App_Print_Adc_Data_Thread) refers (Special) to printf1.o(x$fpl$printf1) for _printf_fp_dec
    main.o(.ARM.exidx.text.App_Print_Adc_Data_Thread) refers (Special) to _printf_dec.o(.text) for _printf_int_dec
    main.o(.ARM.exidx.text.App_Print_Adc_Data_Thread) refers (Special) to _printf_percent.o(.ARM.Collect$$_printf_percent$$00000000) for _printf_percent
    main.o(.ARM.exidx.text.App_Print_Adc_Data_Thread) refers to main.o(.text.App_Print_Adc_Data_Thread) for [Anonymous Symbol]
    main.o(.text.main) refers (Special) to _printf_d.o(.ARM.Collect$$_printf_percent$$00000009) for _printf_d
    main.o(.text.main) refers (Special) to _printf_f.o(.ARM.Collect$$_printf_percent$$00000003) for _printf_f
    main.o(.text.main) refers (Special) to printf1.o(x$fpl$printf1) for _printf_fp_dec
    main.o(.text.main) refers (Special) to _printf_dec.o(.text) for _printf_int_dec
    main.o(.text.main) refers (Special) to _printf_percent.o(.ARM.Collect$$_printf_percent$$00000000) for _printf_percent
    main.o(.text.main) refers to thread.o(.text.rt_thread_create) for rt_thread_create
    main.o(.text.main) refers to thread.o(.text.rt_thread_startup) for rt_thread_startup
    main.o(.text.main) refers to main.o(.text.App_Print_Adc_Data_Thread) for App_Print_Adc_Data_Thread
    main.o(.ARM.exidx.text.main) refers (Special) to _printf_d.o(.ARM.Collect$$_printf_percent$$00000009) for _printf_d
    main.o(.ARM.exidx.text.main) refers (Special) to _printf_f.o(.ARM.Collect$$_printf_percent$$00000003) for _printf_f
    main.o(.ARM.exidx.text.main) refers (Special) to printf1.o(x$fpl$printf1) for _printf_fp_dec
    main.o(.ARM.exidx.text.main) refers (Special) to _printf_dec.o(.text) for _printf_int_dec
    main.o(.ARM.exidx.text.main) refers (Special) to _printf_percent.o(.ARM.Collect$$_printf_percent$$00000000) for _printf_percent
    main.o(.ARM.exidx.text.main) refers to main.o(.text.main) for [Anonymous Symbol]
    main.o(.ARM.use_no_argv) refers (Special) to _printf_d.o(.ARM.Collect$$_printf_percent$$00000009) for _printf_d
    main.o(.ARM.use_no_argv) refers (Special) to _printf_f.o(.ARM.Collect$$_printf_percent$$00000003) for _printf_f
[...]
    x$fpl$printf1                            0x08004b0e   Section        4  printf1.o(x$fpl$printf1)
    x$fpl$usenofp                            0x08004b12   Section        0  usenofp.o(x$fpl$usenofp)
    tenpwrs_x                                0x08004b14   Data          60  bigflt0.o(.constdata)
    .constdata                               0x08004b14   Section      148  bigflt0.o(.constdata)
    tenpwrs_i                                0x08004b50   Data          64  bigflt0.o(.constdata)
    [Anonymous Symbol]                       0x08004ca8   Section        0  gd32f3x0_rcu.o(.rodata.cst8)
    [Anonymous Symbol]                       0x08004ef4   Section        0  cmd.o(.rodata.str1.1)
    [Anonymous Symbol]                       0x08004f72   Section        0  msh.o(.rodata.str1.1)
    [Anonymous Symbol]                       0x08004f79   Section        0  shell.o(.rodata.str1.1)
    [Anonymous Symbol]                       0x08004f7e   Section        0  cpuport.o(.rodata.str1.1)
    [Anonymous Symbol]                       0x08005139   Section        0  kservice.o(.rodata.str1.1)
    __tagsym$$used.0                         0x08005140   Number         0  components.o(.rti_fn.0)
    __tagsym$$used.1                         0x08005144   Number         0  components.o(.rti_fn.0.end)
    __tagsym$$used.0                         0x08005148   Number         0  bsp_adc.o(.rti_fn.1)
    __tagsym$$used.0                         0x0800514c   Number         0  bsp_uart.o(.rti_fn.1)
    __tagsym$$used.2                         0x08005150   Number         0  components.o(.rti_fn.1.end)
    __tagsym$$used.1                         0x08005154   Number         0  bsp_adc.o(.rti_fn.6)
    __tagsym$$used.0                         0x08005158   Number         0  shell.o(.rti_fn.6)
    __tagsym$$used.3                         0x0800515c   Number         0  components.o(.rti_fn.6.end)
    __tagsym$$used.0                         0x08005160   Number         0  cmd.o(FSymTab)
    __tagsym$$used.1                         0x0800516c   Number         0  cmd.o(FSymTab)
    __tagsym$$used.2                         0x08005178   Number         0  cmd.o(FSymTab)
    __tagsym$$used.3                         0x08005184   Number         0  cmd.o(FSymTab)
    __tagsym$$used.4                         0x08005190   Number         0  cmd.o(FSymTab)
    __tagsym$$used.5                         0x0800519c   Number         0  cmd.o(FSymTab)
    __tagsym$$used.6                         0x080051a8   Number         0  cmd.o(FSymTab)
    __tagsym$$used.7                         0x080051b4   Number         0  cmd.o(FSymTab)
    __tagsym$$used.8                         0x080051c0   Number         0  cmd.o(FSymTab)
    __tagsym$$used.9                         0x080051cc   Number         0  cmd.o(FSymTab)
    __tagsym$$used.10                        0x080051d8   Number         0  cmd.o(FSymTab)
    __tagsym$$used.11                        0x080051e4   Number         0  cmd.o(FSymTab)
    __tagsym$$used.0                         0x080051f0   Number         0  msh.o(FSymTab)
    __tagsym$$used.1                         0x080051fc   Number         0  msh.o(FSymTab)
    __tagsym$$used.2                         0x08005208   Number         0  msh.o(FSymTab)
    __tagsym$$used.0                         0x08005214   Number         0  mem.o(FSymTab)
    locale$$data                             0x08005240   Section       28  lc_numeric_c.o(locale$$data)
    __lcnum_c_name                           0x08005244   Data           2  lc_numeric_c.o(locale$$data)
    __lcnum_c_start                          0x0800524c   Data           0  lc_numeric_c.o(locale$$data)
    __lcnum_c_point                          0x08005258   Data           0  lc_numeric_c.o(locale$$data)
    __lcnum_c_thousands                      0x0800525a   Data           0  lc_numeric_c.o(locale$$data)
    __lcnum_c_grouping                       0x0800525b   Data           0  lc_numeric_c.o(locale$$data)
    __lcnum_c_end                            0x0800525c   Data           0  lc_numeric_c.o(locale$$data)
    rt_object_container                      0x20000004   Data          64  object.o(.data.rt_object_container)
    [Anonymous Symbol]                       0x20000004   Section        0  object.o(.data.rt_object_container)
    .bss                                     0x20000048   Section       96  libspace.o(.bss)
    [Anonymous Symbol]                       0x200000a8   Section        0  bsp_adc.o(.bss..L_MergedGlobals)
    [Anonymous Symbol]                       0x200000b0   Section        0  shell.o(.bss..L_MergedGlobals)
    finsh_prompt_custom                      0x200000c0   Data           4  shell.o(.bss..L_MergedGlobals)
    mem_size_aligned                         0x200000c8   Data           4  mem.o(.bss..L_MergedGlobals)
    [Anonymous Symbol]                       0x200000c8   Section        0  mem.o(.bss..L_MergedGlobals)
    heap_ptr                                 0x200000cc   Data           4  mem.o(.bss..L_MergedGlobals)
    heap_end                                 0x200000d0   Data           4  mem.o(.bss..L_MergedGlobals)
    lfree                                    0x200000d4   Data           4  mem.o(.bss..L_MergedGlobals)
    used_mem                                 0x200000d8   Data           4  mem.o(.bss..L_MergedGlobals)
    max_mem                                  0x200000dc   Data           4  mem.o(.bss..L_MergedGlobals)
    heap_sem                                 0x200000e0   Data          32  mem.o(.bss..L_MergedGlobals)
    [Anonymous Symbol]                       0x20000100   Section        0  scheduler.o(.bss..L_MergedGlobals)
    rt_scheduler_lock_nest                   0x20000102   Data           2  scheduler.o(.bss..L_MergedGlobals)
    rt_timer_start.random_nr                 0x20000154   Data           4  timer.o(.bss..L_MergedGlobals)
    [Anonymous Symbol]                       0x20000154   Section        0  timer.o(.bss..L_MergedGlobals)
    rt_timer_list                            0x20000158   Data           8  timer.o(.bss..L_MergedGlobals)
    finsh_get_prompt.finsh_prompt            0x20000160   Data         129  shell.o(.bss.finsh_get_prompt.finsh_prompt)
    [Anonymous Symbol]                       0x20000160   Section        0  shell.o(.bss.finsh_get_prompt.finsh_prompt)
    idle                                     0x200001e4   Data         120  idle.o(.bss.idle)
    [Anonymous Symbol]                       0x200001e4   Section        0  idle.o(.bss.idle)
    rt_exception_hook                        0x2000025c   Data           4  cpuport.o(.bss.rt_exception_hook)
    [Anonymous Symbol]                       0x2000025c   Section        0  cpuport.o(.bss.rt_exception_hook)
    rt_heap                                  0x20000260   Data        4096  board.o(.bss.rt_heap)
    [Anonymous Symbol]                       0x20000260   Section        0  board.o(.bss.rt_heap)
    rt_kprintf.rt_log_buf                    0x2000126c   Data         128  kservice.o(.bss.rt_kprintf.rt_log_buf)
    [Anonymous Symbol]                       0x2000126c   Section        0  kservice.o(.bss.rt_kprintf.rt_log_buf)
    rt_thread_stack                          0x200012ec   Data         256  idle.o(.bss.rt_thread_stack)
    [Anonymous Symbol]                       0x200012ec   Section        0  idle.o(.bss.rt_thread_stack)
    rt_tick                                  0x200013f0   Data           4  clock.o(.bss.rt_tick)
    [Anonymous Symbol]                       0x200013f0   Section        0  clock.o(.bss.rt_tick)
    Heap_Mem                                 0x200013f8   Data        1024  startup_gd32f3x0.o(HEAP)
    HEAP                                     0x200013f8   Section     1024  startup_gd32f3x0.o(HEAP)
    Stack_Mem                                0x200017f8   Data        1024  startup_gd32f3x0.o(STACK)
    STACK                                    0x200017f8   Section     1024  startup_gd32f3x0.o(STACK)
    __initial_sp                             0x20001bf8   Data           0  startup_gd32f3x0.o(STACK)

    Global Symbols

    Symbol Name                              Value     Ov Type        Size  Object(Section)

    BuildAttributes$$THM_ISAv4$E$P$D$K$B$S$7EM$VFPi3$EXTD16$VFPS$VFMA$PE$A:L22UL41UL21$X:L11$S22US41US21$IEEE1$IW$~IW$USESV6$~STKCKD$USESV7$~SHL$OTIME$ROPI$IEEEJ$EBA8$UX$STANDARDLIB$REQ8$PRES8$EABIv2 0x00000000   Number         0  anon$$obj.o ABSOLUTE
    __ARM_exceptions_init                     - Undefined Weak Reference
    __alloca_initialize                       - Undefined Weak Reference
    __arm_preinit_                            - Undefined Weak Reference
    __cpp_initialize__aeabi_                  - Undefined Weak Reference
    __cxa_finalize                            - Undefined Weak Reference
    __sigvec_lookup                           - Undefined Weak Reference
    _atexit_init                              - Undefined Weak Reference
    _call_atexit_fns                          - Undefined Weak Reference
    _clock_init                               - Undefined Weak Reference
    _fp_trap_init                             - Undefined Weak Reference
    _fp_trap_shutdown                         - Undefined Weak Reference
    _get_lc_collate                           - Undefined Weak Reference
    _get_lc_ctype                             - Undefined Weak Reference
    _get_lc_monetary                          - Undefined Weak Reference
    _get_lc_time                              - Undefined Weak Reference
    _getenv_init                              - Undefined Weak Reference
    _handle_redirection                       - Undefined Weak Reference
    _init_alloc                               - Undefined Weak Reference
    _init_user_alloc                          - Undefined Weak Reference
    _initio                                   - Undefined Weak Reference
    _printf_post_padding                      - Undefined Weak Reference
    _printf_pre_padding                       - Undefined Weak Reference
    _printf_truncate_signed                   - Undefined Weak Reference
    _printf_truncate_unsigned                 - Undefined Weak Reference
    _rand_init                                - Undefined Weak Reference
    _signal_finish                            - Undefined Weak Reference
    _signal_init                              - Undefined Weak Reference
    _terminate_alloc                          - Undefined Weak Reference
    _terminate_user_alloc                     - Undefined Weak Reference
    _terminateio                              - Undefined Weak Reference
    __Vectors_Size                           0x00000150   Number         0  startup_gd32f3x0.o ABSOLUTE
    __Vectors                                0x08000000   Data           4  startup_gd32f3x0.o(RESET)
    __Vectors_End                            0x08000150   Data           0  startup_gd32f3x0.o(RESET)
    __main                                   0x08000151   Thumb Code     8  __main.o(!!!main)
    __scatterload                            0x08000159   Thumb Code     0  __scatter.o(!!!scatter)
    __scatterload_rt2                        0x08000159   Thumb Code    44  __scatter.o(!!!scatter)
    __scatterload_rt2_thumb_only             0x08000159   Thumb Code     0  __scatter.o(!!!scatter)
    __scatterload_null                       0x08000167   Thumb Code     0  __scatter.o(!!!scatter)
    __scatterload_copy                       0x0800018d   Thumb Code    26  __scatter_copy.o(!!handler_copy)
    __scatterload_zeroinit                   0x080001a9   Thumb Code    28  __scatter_zi.o(!!handler_zi)
    _printf_f                                0x080001c5   Thumb Code     0  _printf_f.o(.ARM.Collect$$_printf_percent$$00000003)
    _printf_percent                          0x080001c5   Thumb Code     0  _printf_percent.o(.ARM.Collect$$_printf_percent$$00000000)
    _printf_d                                0x080001cb   Thumb Code     0  _printf_d.o(.ARM.Collect$$_printf_percent$$00000009)
    _printf_percent_end                      0x080001d1   Thumb Code     0  _printf_percent_end.o(.ARM.Collect$$_printf_percent$$00000017)
    __rt_lib_init                            0x080001d5   Thumb Code     0  libinit.o(.ARM.Collect$$libinit$$00000000)
    __rt_lib_init_fp_1                       0x080001d7   Thumb Code     0  libinit2.o(.ARM.Collect$$libinit$$00000001)
    __rt_lib_init_heap_1                     0x080001db   Thumb Code     0  libinit2.o(.ARM.Collect$$libinit$$0000000A)
    __rt_lib_init_lc_common                  0x080001db   Thumb Code     0  libinit2.o(.ARM.Collect$$libinit$$0000000F)
    __rt_lib_init_preinit_1                  0x080001db   Thumb Code     0  libinit2.o(.ARM.Collect$$libinit$$00000004)
    __rt_lib_init_rand_1                     0x080001db   Thumb Code     0  libinit2.o(.ARM.Collect$$libinit$$0000000E)
    __rt_lib_init_user_alloc_1               0x080001db   Thumb Code     0  libinit2.o(.ARM.Collect$$libinit$$0000000C)
    __rt_lib_init_lc_collate_1               0x080001e1   Thumb Code     0  libinit2.o(.ARM.Collect$$libinit$$00000011)
    __rt_lib_init_lc_ctype_1                 0x080001e1   Thumb Code     0  libinit2.o(.ARM.Collect$$libinit$$00000013)
    __rt_lib_init_lc_monetary_1              0x080001e1   Thumb Code     0  libinit2.o(.ARM.Collect$$libinit$$00000015)
    __rt_lib_init_lc_numeric_2               0x080001e1   Thumb Code     0  libinit2.o(.ARM.Collect$$libinit$$00000016)
    __rt_lib_init_alloca_1                   0x080001eb   Thumb Code     0  libinit2.o(.ARM.Collect$$libinit$$0000002E)
    __rt_lib_init_argv_1                     0x080001eb   Thumb Code     0  libinit2.o(.ARM.Collect$$libinit$$0000002C)
    __rt_lib_init_atexit_1                   0x080001eb   Thumb Code     0  libinit2.o(.ARM.Collect$$libinit$$0000001B)
    __rt_lib_init_clock_1                    0x080001eb   Thumb Code     0  libinit2.o(.ARM.Collect$$libinit$$00000021)
    __rt_lib_init_cpp_1                      0x080001eb   Thumb Code     0  libinit2.o(.ARM.Collect$$libinit$$00000032)
    __rt_lib_init_exceptions_1               0x080001eb   Thumb Code     0  libinit2.o(.ARM.Collect$$libinit$$00000030)
    __rt_lib_init_fp_trap_1                  0x080001eb   Thumb Code     0  libinit2.o(.ARM.Collect$$libinit$$0000001F)
    __rt_lib_init_getenv_1                   0x080001eb   Thumb Code     0  libinit2.o(.ARM.Collect$$libinit$$00000023)
    __rt_lib_init_lc_numeric_1               0x080001eb   Thumb Code     0  libinit2.o(.ARM.Collect$$libinit$$00000017)
    __rt_lib_init_lc_time_1                  0x080001eb   Thumb Code     0  libinit2.o(.ARM.Collect$$libinit$$00000019)
    __rt_lib_init_return                     0x080001eb   Thumb Code     0  libinit2.o(.ARM.Collect$$libinit$$00000033)
    __rt_lib_init_signal_1                   0x080001eb   Thumb Code     0  libinit2.o(.ARM.Collect$$libinit$$0000001D)
    __rt_lib_init_stdio_1                    0x080001eb   Thumb Code     0  libinit2.o(.ARM.Collect$$libinit$$00000025)
    __rt_lib_shutdown                        0x080001ed   Thumb Code     0  libshutdown.o(.ARM.Collect$$libshutdown$$00000000)
    __rt_lib_shutdown_cpp_1                  0x080001ef   Thumb Code     0  libshutdown2.o(.ARM.Collect$$libshutdown$$00000002)
    __rt_lib_shutdown_fp_trap_1              0x080001ef   Thumb Code     0  libshutdown2.o(.ARM.Collect$$libshutdown$$00000007)
    __rt_lib_shutdown_heap_1                 0x080001ef   Thumb Code     0  libshutdown2.o(.ARM.Collect$$libshutdown$$0000000F)
    __rt_lib_shutdown_return                 0x080001ef   Thumb Code     0  libshutdown2.o(.ARM.Collect$$libshutdown$$00000010)
    __rt_lib_shutdown_signal_1               0x080001ef   Thumb Code     0  libshutdown2.o(.ARM.Collect$$libshutdown$$0000000A)
    __rt_lib_shutdown_stdio_1                0x080001ef   Thumb Code     0  libshutdown2.o(.ARM.Collect$$libshutdown$$00000004)
    __rt_lib_shutdown_user_alloc_1           0x080001ef   Thumb Code     0  libshutdown2.o(.ARM.Collect$$libshutdown$$0000000C)
    __rt_entry                               0x080001f1   Thumb Code     0  __rtentry.o(.ARM.Collect$$rtentry$$00000000)
    __rt_entry_presh_1                       0x080001f1   Thumb Code     0  __rtentry2.o(.ARM.Collect$$rtentry$$00000002)
    __rt_entry_sh                            0x080001f1   Thumb Code     0  __rtentry4.o(.ARM.Collect$$rtentry$$00000004)
    __rt_entry_li                            0x080001f7   Thumb Code     0  __rtentry2.o(.ARM.Collect$$rtentry$$0000000A)
    __rt_entry_postsh_1                      0x080001f7   Thumb Code     0  __rtentry2.o(.ARM.Collect$$rtentry$$00000009)
    __rt_entry_main                          0x080001fb   Thumb Code     0  __rtentry2.o(.ARM.Collect$$rtentry$$0000000D)
    __rt_entry_postli_1                      0x080001fb   Thumb Code     0  __rtentry2.o(.ARM.Collect$$rtentry$$0000000C)
    __rt_exit                                0x08000203   Thumb Code     0  rtexit.o(.ARM.Collect$$rtexit$$00000000)
    __rt_exit_ls                             0x08000205   Thumb Code     0  rtexit2.o(.ARM.Collect$$rtexit$$00000003)
    __rt_exit_prels_1                        0x08000205   Thumb Code     0  rtexit2.o(.ARM.Collect$$rtexit$$00000002)
    __rt_exit_exit                           0x08000209   Thumb Code     0  rtexit2.o(.ARM.Collect$$rtexit$$00000004)
    Reset_Handler                            0x08000211   Thumb Code     8  startup_gd32f3x0.o(.text)
    SVC_Handler                              0x08000223   Thumb Code     2  startup_gd32f3x0.o(.text)
    ADC_CMP_IRQHandler                       0x0800022b   Thumb Code     0  startup_gd32f3x0.o(.text)
    CEC_IRQHandler                           0x0800022b   Thumb Code     0  startup_gd32f3x0.o(.text)
    DMA_Channel0_IRQHandler                  0x0800022b   Thumb Code     0  startup_gd32f3x0.o(.text)
    DMA_Channel1_2_IRQHandler                0x0800022b   Thumb Code     0  startup_gd32f3x0.o(.text)
    DMA_Channel3_4_IRQHandler                0x0800022b   Thumb Code     0  startup_gd32f3x0.o(.text)
    DMA_Channel5_6_IRQHandler                0x0800022b   Thumb Code     0  startup_gd32f3x0.o(.text)
    EXTI0_1_IRQHandler                       0x0800022b   Thumb Code     0  startup_gd32f3x0.o(.text)
    EXTI2_3_IRQHandler                       0x0800022b   Thumb Code     0  startup_gd32f3x0.o(.text)
    EXTI4_15_IRQHandler                      0x0800022b   Thumb Code     0  startup_gd32f3x0.o(.text)
    FMC_IRQHandler                           0x0800022b   Thumb Code     0  startup_gd32f3x0.o(.text)
    I2C0_ER_IRQHandler                       0x0800022b   Thumb Code     0  startup_gd32f3x0.o(.text)
    I2C0_EV_IRQHandler                       0x0800022b   Thumb Code     0  startup_gd32f3x0.o(.text)
    I2C1_ER_IRQHandler                       0x0800022b   Thumb Code     0  startup_gd32f3x0.o(.text)
    I2C1_EV_IRQHandler                       0x0800022b   Thumb Code     0  startup_gd32f3x0.o(.text)
    LVD_IRQHandler                           0x0800022b   Thumb Code     0  startup_gd32f3x0.o(.text)
    RCU_CTC_IRQHandler                       0x0800022b   Thumb Code     0  startup_gd32f3x0.o(.text)
    RTC_IRQHandler                           0x0800022b   Thumb Code     0  startup_gd32f3x0.o(.text)
    SPI0_IRQHandler                          0x0800022b   Thumb Code     0  startup_gd32f3x0.o(.text)
    SPI1_IRQHandler                          0x0800022b   Thumb Code     0  startup_gd32f3x0.o(.text)
    TIMER0_BRK_UP_TRG_COM_IRQHandler         0x0800022b   Thumb Code     0  startup_gd32f3x0.o(.text)
    TIMER0_Channel_IRQHandler                0x0800022b   Thumb Code     0  startup_gd32f3x0.o(.text)
    TIMER13_IRQHandler                       0x0800022b   Thumb Code     0  startup_gd32f3x0.o(.text)
    TIMER14_IRQHandler                       0x0800022b   Thumb Code     0  startup_gd32f3x0.o(.text)
    TIMER15_IRQHandler                       0x0800022b   Thumb Code     0  startup_gd32f3x0.o(.text)
    TIMER16_IRQHandler                       0x0800022b   Thumb Code     0  startup_gd32f3x0.o(.text)
    TIMER1_IRQHandler                        0x0800022b   Thumb Code     0  startup_gd32f3x0.o(.text)
    TIMER2_IRQHandler                        0x0800022b   Thumb Code     0  startup_gd32f3x0.o(.text)
    TIMER5_DAC_IRQHandler                    0x0800022b   Thumb Code     0  startup_gd32f3x0.o(.text)
    TSI_IRQHandler                           0x0800022b   Thumb Code     0  startup_gd32f3x0.o(.text)
    USART0_IRQHandler                        0x0800022b   Thumb Code     0  startup_gd32f3x0.o(.text)
    USART1_IRQHandler                        0x0800022b   Thumb Code     0  startup_gd32f3x0.o(.text)
    USBFS_IRQHandler                         0x0800022b   Thumb Code     0  startup_gd32f3x0.o(.text)
    USBFS_WKUP_IRQHandler                    0x0800022b   Thumb Code     0  startup_gd32f3x0.o(.text)
    WWDGT_IRQHandler                         0x0800022b   Thumb Code     0  startup_gd32f3x0.o(.text)
    __user_initial_stackheap                 0x0800022d   Thumb Code    10  startup_gd32f3x0.o(.text)
    rt_hw_interrupt_disable                  0x08000251   Thumb Code     8  context_rvds.o(.text)
    rt_hw_interrupt_enable                   0x08000259   Thumb Code     6  context_rvds.o(.text)
    rt_hw_context_switch                     0x0800025f   Thumb Code    32  context_rvds.o(.text)
    rt_hw_context_switch_interrupt           0x0800025f   Thumb Code     0  context_rvds.o(.text)
    PendSV_Handler                           0x0800027f   Thumb Code   108  context_rvds.o(.text)
    rt_hw_context_switch_to                  0x080002eb   Thumb Code    68  context_rvds.o(.text)
    rt_hw_interrupt_thread_switch            0x0800032f   Thumb Code     2  context_rvds.o(.text)
    HardFault_Handler                        0x08000331   Thumb Code    56  context_rvds.o(.text)
    __2sprintf                               0x08000385   Thumb Code    34  noretval__2sprintf.o(.text)
    __printf                                 0x080003ad   Thumb Code   104  __printf.o(.text)
    _printf_int_dec                          0x08000415   Thumb Code   104  _printf_dec.o(.text)
    strlen                                   0x0800048d   Thumb Code    62  strlen.o(.text)
    strncmp                                  0x080004cb   Thumb Code   150  strncmp.o(.text)
    __aeabi_memclr                           0x08000561   Thumb Code     0  rt_memclr.o(.text)
    __rt_memclr                              0x08000561   Thumb Code     0  rt_memclr.o(.text)
    _memset                                  0x08000565   Thumb Code    64  rt_memclr.o(.text)
    __aeabi_memclr4                          0x080005a5   Thumb Code     0  rt_memclr_w.o(.text)
    __aeabi_memclr8                          0x080005a5   Thumb Code     0  rt_memclr_w.o(.text)
    __rt_memclr_w                            0x080005a5   Thumb Code     0  rt_memclr_w.o(.text)
    _memset_w                                0x080005a9   Thumb Code    74  rt_memclr_w.o(.text)
    strncpy                                  0x080005f3   Thumb Code    86  strncpy.o(.text)
    __use_two_region_memory                  0x08000649   Thumb Code     2  heapauxi.o(.text)
    __rt_heap_escrow$2region                 0x0800064b   Thumb Code     2  heapauxi.o(.text)
    __rt_heap_expand$2region                 0x0800064d   Thumb Code     2  heapauxi.o(.text)
    _printf_int_common                       0x0800064f   Thumb Code   178  _printf_intcommon.o(.text)
    _printf_fp_dec_real                      0x080008b1   Thumb Code   620  _printf_fp_dec.o(.text)
    _printf_char_common                      0x08000b27   Thumb Code    32  _printf_char_common.o(.text)
    _sputc                                   0x08000b4d   Thumb Code    10  _sputc.o(.text)
    __rt_locale                              0x08000b59   Thumb Code     8  rt_locale_intlibspace.o(.text)
    _ll_udiv10                               0x08000b61   Thumb Code   138  lludiv10.o(.text)
    _printf_fp_infnan                        0x08000bed   Thumb Code   112  _printf_fp_infnan.o(.text)
    _btod_etento                             0x08000c6d   Thumb Code   224  bigflt0.o(.text)
    __user_libspace                          0x08000d51   Thumb Code     8  libspace.o(.text)
    __user_perproc_libspace                  0x08000d51   Thumb Code     0  libspace.o(.text)
    __user_perthread_libspace                0x08000d51   Thumb Code     0  libspace.o(.text)
    __user_setup_stackheap                   0x08000d59   Thumb Code    74  sys_stackheap_outer.o(.text)
    exit                                     0x08000da3   Thumb Code    18  exit.o(.text)
    strcmp                                   0x08000db9   Thumb Code   124  strcmpv7em.o(.text)
    _sys_exit                                0x08000e35   Thumb Code     8  sys_exit.o(.text)
    __I$use$semihosting                      0x08000e41   Thumb Code     0  use_no_semi.o(.text)
    __use_no_semihosting_swi                 0x08000e41   Thumb Code     2  use_no_semi.o(.text)
    __semihosting_library_function           0x08000e43   Thumb Code     0  indicate_semi.o(.text)
    main                                     0x08000e43   Thumb Code    10  components.o(.text.$Sub$$main)
    App_Print_Adc_Data_Thread                0x08000e4d   Thumb Code    60  main.o(.text.App_Print_Adc_Data_Thread)
    BusFault_Handler                         0x08000e99   Thumb Code     2  gd32f3x0_it.o(.text.BusFault_Handler)
    DebugMon_Handler                         0x08000e9b   Thumb Code     2  gd32f3x0_it.o(.text.DebugMon_Handler)
    MemManage_Handler                        0x08000e9d   Thumb Code     2  gd32f3x0_it.o(.text.MemManage_Handler)
    NMI_Handler                              0x08000e9f   Thumb Code     2  gd32f3x0_it.o(.text.NMI_Handler)
    SysTick_Handler                          0x08000f93   Thumb Code    18  board.o(.text.SysTick_Handler)
    SystemCoreClockUpdate                    0x08000fa5   Thumb Code   136  system_gd32f3x0.o(.text.SystemCoreClockUpdate)
    SystemInit                               0x0800104d   Thumb Code   420  system_gd32f3x0.o(.text.SystemInit)
    System_Uart_Init                         0x0800121d   Thumb Code   168  bsp_uart.o(.text.System_Uart_Init)
    Test_Adc_Get_Raw                         0x080012c9   Thumb Code     8  bsp_adc.o(.text.Test_Adc_Get_Raw)
    Test_Adc_Get_Voltage                     0x080012d1   Thumb Code     8  bsp_adc.o(.text.Test_Adc_Get_Voltage)
    Test_Adc_Init                            0x080012d9   Thumb Code    88  bsp_adc.o(.text.Test_Adc_Init)
    Test_Adc_Sample                          0x08001331   Thumb Code    42  bsp_adc.o(.text.Test_Adc_Sample)
    Test_Adc_Value_Update_Thread             0x08001361   Thumb Code    80  bsp_adc.o(.text.Test_Adc_Value_Update_Thread)
    Test_Adc_Value_Update_Thread_Init        0x080013bd   Thumb Code    32  bsp_adc.o(.text.Test_Adc_Value_Update_Thread_Init)
    UsageFault_Handler                       0x080013e5   Thumb Code     2  gd32f3x0_it.o(.text.UsageFault_Handler)
    __rt_ffs                                 0x080013e9   Thumb Code    48  kservice.o(.text.__rt_ffs)
    adc_calibration_enable                   0x080014a1   Thumb Code    32  gd32f3x0_adc.o(.text.adc_calibration_enable)
    adc_channel_length_config                0x080014c1   Thumb Code    68  gd32f3x0_adc.o(.text.adc_channel_length_config)
    adc_data_alignment_config                0x08001509   Thumb Code    20  gd32f3x0_adc.o(.text.adc_data_alignment_config)
    adc_enable                               0x0800151d   Thumb Code    20  gd32f3x0_adc.o(.text.adc_enable)
    adc_external_trigger_config              0x08001531   Thumb Code    56  gd32f3x0_adc.o(.text.adc_external_trigger_config)
    adc_external_trigger_source_config       0x08001569   Thumb Code    36  gd32f3x0_adc.o(.text.adc_external_trigger_source_config)
    adc_flag_clear                           0x0800158d   Thumb Code     8  gd32f3x0_adc.o(.text.adc_flag_clear)
    adc_flag_get                             0x08001595   Thumb Code    12  gd32f3x0_adc.o(.text.adc_flag_get)
    adc_regular_channel_config               0x080015a5   Thumb Code   104  gd32f3x0_adc.o(.text.adc_regular_channel_config)
    adc_regular_data_read                    0x08001611   Thumb Code     8  gd32f3x0_adc.o(.text.adc_regular_data_read)
    adc_software_trigger_enable              0x0800161d   Thumb Code    28  gd32f3x0_adc.o(.text.adc_software_trigger_enable)
    cmd_free                                 0x0800163d   Thumb Code    10  msh.o(.text.cmd_free)
    cmd_ps                                   0x08001647   Thumb Code    10  msh.o(.text.cmd_ps)
    finsh_get_prompt                         0x08001651   Thumb Code    80  shell.o(.text.finsh_get_prompt)
    finsh_system_init                        0x080016ad   Thumb Code   104  shell.o(.text.finsh_system_init)
    finsh_thread_entry                       0x0800174d   Thumb Code   716  shell.o(.text.finsh_thread_entry)
    gpio_af_set                              0x08001a45   Thumb Code    96  gd32f3x0_gpio.o(.text.gpio_af_set)
    gpio_mode_set                            0x08001aa5   Thumb Code    78  gd32f3x0_gpio.o(.text.gpio_mode_set)
    gpio_output_options_set                  0x08001af3   Thumb Code   116  gd32f3x0_gpio.o(.text.gpio_output_options_set)
    hello                                    0x08001b69   Thumb Code    12  cmd.o(.text.hello)
    list                                     0x08001b89   Thumb Code    64  cmd.o(.text.list)
    list_mailbox                             0x08001c55   Thumb Code   184  cmd.o(.text.list_mailbox)
    list_mem                                 0x08001d89   Thumb Code    32  mem.o(.text.list_mem)
    list_sem                                 0x08001df9   Thumb Code   180  cmd.o(.text.list_sem)
    list_thread                              0x08001f11   Thumb Code   228  cmd.o(.text.list_thread)
    list_timer                               0x08002089   Thumb Code   188  cmd.o(.text.list_timer)
    $Super$$main                             0x080021d9   Thumb Code    32  main.o(.text.main)
    main_thread_entry                        0x08002205   Thumb Code    14  components.o(.text.main_thread_entry)
    msh_auto_complete                        0x08002215   Thumb Code   160  msh.o(.text.msh_auto_complete)
    msh_exec                                 0x080022c5   Thumb Code   392  msh.o(.text.msh_exec)
    msh_help                                 0x08002499   Thumb Code    68  msh.o(.text.msh_help)
    msh_is_used                              0x08002515   Thumb Code     4  msh.o(.text.msh_is_used)
    nvic_vector_table_set                    0x08002519   Thumb Code    16  gd32f3x0_misc.o(.text.nvic_vector_table_set)
    rcu_adc_clock_config                     0x08002731   Thumb Code   136  gd32f3x0_rcu.o(.text.rcu_adc_clock_config)
    rcu_clock_freq_get                       0x080027bd   Thumb Code   380  gd32f3x0_rcu.o(.text.rcu_clock_freq_get)
    rcu_periph_clock_enable                  0x08002961   Thumb Code    16  gd32f3x0_rcu.o(.text.rcu_periph_clock_enable)
    rcu_periph_reset_disable                 0x08002971   Thumb Code    16  gd32f3x0_rcu.o(.text.rcu_periph_reset_disable)
    rcu_periph_reset_enable                  0x08002981   Thumb Code    16  gd32f3x0_rcu.o(.text.rcu_periph_reset_enable)
    rt_application_init                      0x08002995   Thumb Code    32  components.o(.text.rt_application_init)
    rt_calloc                                0x080029c1   Thumb Code    30  mem.o(.text.rt_calloc)
    rt_components_board_init                 0x080029e1   Thumb Code    20  components.o(.text.rt_components_board_init)
    rt_components_init                       0x080029f9   Thumb Code    20  components.o(.text.rt_components_init)
    rt_enter_critical                        0x08002a15   Thumb Code    24  scheduler.o(.text.rt_enter_critical)
    rt_exit_critical                         0x08002a2d   Thumb Code    52  scheduler.o(.text.rt_exit_critical)
    rt_free                                  0x08002a65   Thumb Code   116  mem.o(.text.rt_free)
    rt_heap_begin_get                        0x08002b29   Thumb Code     4  board.o(.text.rt_heap_begin_get)
    rt_heap_end_get                          0x08002b2d   Thumb Code     8  board.o(.text.rt_heap_end_get)
    rt_hw_board_init                         0x08002b39   Thumb Code    72  board.o(.text.rt_hw_board_init)
    rt_hw_console_getchar                    0x08002b8d   Thumb Code    32  finsh_port.o(.text.rt_hw_console_getchar)
    rt_hw_console_output                     0x08002bad   Thumb Code    64  finsh_port.o(.text.rt_hw_console_output)
    rt_hw_hard_fault_exception               0x08002bf1   Thumb Code   496  cpuport.o(.text.rt_hw_hard_fault_exception)
    rt_hw_stack_init                         0x08002f1d   Thumb Code    56  cpuport.o(.text.rt_hw_stack_init)
    rt_interrupt_enter                       0x08002f59   Thumb Code    24  irq.o(.text.rt_interrupt_enter)
    rt_interrupt_leave                       0x08002f71   Thumb Code    24  irq.o(.text.rt_interrupt_leave)
    rt_kprintf                               0x08002fe1   Thumb Code    40  kservice.o(.text.rt_kprintf)
    rt_malloc                                0x08003021   Thumb Code   244  mem.o(.text.rt_malloc)
    rt_memmove                               0x08003115   Thumb Code    44  kservice.o(.text.rt_memmove)
    rt_memset                                0x08003141   Thumb Code    66  kservice.o(.text.rt_memset)
    rt_object_allocate                       0x08003183   Thumb Code    80  object.o(.text.rt_object_allocate)
    rt_object_delete                         0x080031d3   Thumb Code    38  object.o(.text.rt_object_delete)
    rt_object_detach                         0x080031f9   Thumb Code    30  object.o(.text.rt_object_detach)
    rt_object_get_information                0x08003219   Thumb Code    36  object.o(.text.rt_object_get_information)
    rt_object_init                           0x08003241   Thumb Code    74  object.o(.text.rt_object_init)
    rt_object_is_systemobject                0x0800328b   Thumb Code     6  object.o(.text.rt_object_is_systemobject)
    rt_schedule                              0x08003291   Thumb Code    76  scheduler.o(.text.rt_schedule)
    rt_schedule_insert_thread                0x080032e1   Thumb Code    68  scheduler.o(.text.rt_schedule_insert_thread)
    rt_schedule_remove_thread                0x08003325   Thumb Code    64  scheduler.o(.text.rt_schedule_remove_thread)
    rt_sem_init                              0x08003365   Thumb Code    32  ipc.o(.text.rt_sem_init)
    rt_sem_release                           0x08003385   Thumb Code    68  ipc.o(.text.rt_sem_release)
    rt_sem_take                              0x080033c9   Thumb Code   104  ipc.o(.text.rt_sem_take)
    rt_show_version                          0x08003431   Thumb Code    36  kservice.o(.text.rt_show_version)
    rt_strlen                                0x080034e1   Thumb Code    14  kservice.o(.text.rt_strlen)
    rt_strncpy                               0x080034ef   Thumb Code    42  kservice.o(.text.rt_strncpy)
    rt_system_heap_init                      0x08003519   Thumb Code   100  mem.o(.text.rt_system_heap_init)
    rt_system_scheduler_init                 0x080035c9   Thumb Code    44  scheduler.o(.text.rt_system_scheduler_init)
    rt_system_scheduler_start                0x080035f5   Thumb Code    32  scheduler.o(.text.rt_system_scheduler_start)
    rt_system_timer_init                     0x08003619   Thumb Code    12  timer.o(.text.rt_system_timer_init)
    rt_system_timer_thread_init              0x08003629   Thumb Code     2  timer.o(.text.rt_system_timer_thread_init)
    rt_thread_create                         0x0800362b   Thumb Code    64  thread.o(.text.rt_thread_create)
    rt_thread_exit                           0x0800366d   Thumb Code    84  thread.o(.text.rt_thread_exit)
    rt_thread_idle_excute                    0x080036c9   Thumb Code    64  idle.o(.text.rt_thread_idle_excute)
    rt_thread_idle_init                      0x0800370d   Thumb Code    48  idle.o(.text.rt_thread_idle_init)
    rt_thread_init                           0x08003751   Thumb Code    46  thread.o(.text.rt_thread_init)
    rt_thread_mdelay                         0x0800377f   Thumb Code    14  thread.o(.text.rt_thread_mdelay)
    rt_thread_resume                         0x0800378d   Thumb Code    70  thread.o(.text.rt_thread_resume)
    rt_thread_self                           0x080037d5   Thumb Code     8  thread.o(.text.rt_thread_self)
    rt_thread_sleep                          0x080037dd   Thumb Code    64  thread.o(.text.rt_thread_sleep)
    rt_thread_startup                        0x0800381d   Thumb Code    44  thread.o(.text.rt_thread_startup)
    rt_thread_suspend                        0x08003849   Thumb Code    64  thread.o(.text.rt_thread_suspend)
    rt_thread_timeout                        0x08003889   Thumb Code    38  thread.o(.text.rt_thread_timeout)
    rt_thread_yield                          0x080038b1   Thumb Code    80  thread.o(.text.rt_thread_yield)
    rt_tick_from_millisecond                 0x08003909   Thumb Code    38  clock.o(.text.rt_tick_from_millisecond)
    rt_tick_get                              0x08003931   Thumb Code     8  clock.o(.text.rt_tick_get)
    rt_tick_increase                         0x08003939   Thumb Code    40  clock.o(.text.rt_tick_increase)
    rt_timer_check                           0x08003965   Thumb Code   160  timer.o(.text.rt_timer_check)
    rt_timer_control                         0x08003a05   Thumb Code    74  timer.o(.text.rt_timer_control)
    rt_timer_detach                          0x08003a4f   Thumb Code    22  timer.o(.text.rt_timer_detach)
    rt_timer_init                            0x08003a65   Thumb Code    46  timer.o(.text.rt_timer_init)
    rt_timer_start                           0x08003a95   Thumb Code   144  timer.o(.text.rt_timer_start)
    rt_timer_stop                            0x08003b2d   Thumb Code    56  timer.o(.text.rt_timer_stop)
    rt_vsnprintf                             0x08003b65   Thumb Code   660  kservice.o(.text.rt_vsnprintf)
    rtthread_startup                         0x08003e0d   Thumb Code    42  components.o(.text.rtthread_startup)
    usart_baudrate_set                       0x08003e91   Thumb Code    76  gd32f3x0_usart.o(.text.usart_baudrate_set)
    usart_data_receive                       0x08003edd   Thumb Code     8  gd32f3x0_usart.o(.text.usart_data_receive)
    usart_data_transmit                      0x08003ee5   Thumb Code     8  gd32f3x0_usart.o(.text.usart_data_transmit)
    usart_deinit                             0x08003eed   Thumb Code    44  gd32f3x0_usart.o(.text.usart_deinit)
    usart_enable                             0x08003f21   Thumb Code    10  gd32f3x0_usart.o(.text.usart_enable)
    usart_flag_get                           0x08003f2b   Thumb Code    16  gd32f3x0_usart.o(.text.usart_flag_get)
    usart_parity_config                      0x08003f3b   Thumb Code    18  gd32f3x0_usart.o(.text.usart_parity_config)
    usart_receive_config                     0x08003f4d   Thumb Code    10  gd32f3x0_usart.o(.text.usart_receive_config)
    usart_stop_bit_set                       0x08003f57   Thumb Code    18  gd32f3x0_usart.o(.text.usart_stop_bit_set)
    usart_transmit_config                    0x08003f69   Thumb Code    10  gd32f3x0_usart.o(.text.usart_transmit_config)
    usart_word_length_set                    0x08003f73   Thumb Code    18  gd32f3x0_usart.o(.text.usart_word_length_set)
    version                                  0x08003f85   Thumb Code    10  cmd.o(.text.version)
    _btod_d2e                                0x08003f8f   Thumb Code    62  btod.o(CL$$btod_d2e)
    _d2e_denorm_low                          0x08003fcd   Thumb Code    70  btod.o(CL$$btod_d2e_denorm_low)
    _d2e_norm_op1                            0x08004013   Thumb Code    96  btod.o(CL$$btod_d2e_norm_op1)
    __btod_div_common                        0x08004075   Thumb Code   696  btod.o(CL$$btod_div_common)
    _e2e                                     0x080043ad   Thumb Code   220  btod.o(CL$$btod_e2e)
    _btod_ediv                               0x08004489   Thumb Code    42  btod.o(CL$$btod_ediv)
    _btod_emul                               0x080044b3   Thumb Code    42  btod.o(CL$$btod_emul)
    __btod_mult_common                       0x080044dd   Thumb Code   580  btod.o(CL$$btod_mult_common)
    __ARM_fpclassify                         0x08004721   Thumb Code    48  fpclassify.o(i.__ARM_fpclassify)
    _get_lc_numeric                          0x08004751   Thumb Code    44  lc_numeric_c.o(locale$$code)
    __aeabi_d2f                              0x0800477d   Thumb Code     0  d2f.o(x$fpl$d2f)
    _d2f                                     0x0800477d   Thumb Code    98  d2f.o(x$fpl$d2f)
    __aeabi_i2d                              0x080047df   Thumb Code     0  dflt_clz.o(x$fpl$dflt)
    _dflt                                    0x080047df   Thumb Code    46  dflt_clz.o(x$fpl$dflt)
    __aeabi_dmul                             0x0800480d   Thumb Code     0  dmul.o(x$fpl$dmul)
    _dmul                                    0x0800480d   Thumb Code   332  dmul.o(x$fpl$dmul)
    __fpl_dnaninf                            0x08004961   Thumb Code   156  dnaninf.o(x$fpl$dnaninf)
    __fpl_dretinf                            0x080049fd   Thumb Code    12  dretinf.o(x$fpl$dretinf)
    __aeabi_f2d                              0x08004a09   Thumb Code     0  f2d.o(x$fpl$f2d)
    _f2d                                     0x08004a09   Thumb Code    86  f2d.o(x$fpl$f2d)
    __fpl_fnaninf                            0x08004a5f   Thumb Code   140  fnaninf.o(x$fpl$fnaninf)
    _fp_init                                 0x08004aeb   Thumb Code    26  fpinit.o(x$fpl$fpinit)
    __fplib_config_fpu_vfp                   0x08004b03   Thumb Code     0  fpinit.o(x$fpl$fpinit)
    __fplib_config_pureend_doubles           0x08004b03   Thumb Code     0  fpinit.o(x$fpl$fpinit)
    __fpl_fretinf                            0x08004b05   Thumb Code    10  fretinf.o(x$fpl$fretinf)
    _printf_fp_dec                           0x08004b0f   Thumb Code     4  printf1.o(x$fpl$printf1)
    __I$use$fp                               0x08004b12   Number         0  usenofp.o(x$fpl$usenofp)
    __lowest_bit_bitmap                      0x08004ba8   Data         256  kservice.o(.rodata.__lowest_bit_bitmap)
    __fsym_hello_name                        0x08004cb0   Data           6  cmd.o(.rodata.name)
    __fsym_hello_desc                        0x08004cb6   Data          16  cmd.o(.rodata.name)
    __fsym_version_name                      0x08004cc6   Data           8  cmd.o(.rodata.name)
    __fsym_version_desc                      0x08004cce   Data          35  cmd.o(.rodata.name)
    __fsym___cmd_version_name                0x08004cf1   Data          14  cmd.o(.rodata.name)
    __fsym___cmd_version_desc                0x08004cff   Data          35  cmd.o(.rodata.name)
    __fsym_list_thread_name                  0x08004d22   Data          12  cmd.o(.rodata.name)
    __fsym_list_thread_desc                  0x08004d2e   Data          12  cmd.o(.rodata.name)
    __fsym___cmd_list_thread_name            0x08004d3a   Data          18  cmd.o(.rodata.name)
    __fsym___cmd_list_thread_desc            0x08004d4c   Data          12  cmd.o(.rodata.name)
    __fsym_list_sem_name                     0x08004d58   Data           9  cmd.o(.rodata.name)
    __fsym_list_sem_desc                     0x08004d61   Data          25  cmd.o(.rodata.name)
    __fsym___cmd_list_sem_name               0x08004d7a   Data          15  cmd.o(.rodata.name)
    __fsym___cmd_list_sem_desc               0x08004d89   Data          25  cmd.o(.rodata.name)
    __fsym_list_mailbox_name                 0x08004da2   Data          13  cmd.o(.rodata.name)
    __fsym_list_mailbox_desc                 0x08004daf   Data          24  cmd.o(.rodata.name)
    __fsym___cmd_list_mailbox_name           0x08004dc7   Data          19  cmd.o(.rodata.name)
    __fsym___cmd_list_mailbox_desc           0x08004dda   Data          24  cmd.o(.rodata.name)
    __fsym_list_timer_name                   0x08004df2   Data          11  cmd.o(.rodata.name)
    __fsym_list_timer_desc                   0x08004dfd   Data          21  cmd.o(.rodata.name)
    __fsym___cmd_list_timer_name             0x08004e12   Data          17  cmd.o(.rodata.name)
    __fsym___cmd_list_timer_desc             0x08004e23   Data          21  cmd.o(.rodata.name)
    __fsym_list_name                         0x08004e38   Data           5  cmd.o(.rodata.name)
    __fsym_list_desc                         0x08004e3d   Data          26  cmd.o(.rodata.name)
    __fsym___cmd_help_name                   0x08004e57   Data          11  msh.o(.rodata.name)
    __fsym___cmd_help_desc                   0x08004e62   Data          22  msh.o(.rodata.name)
    __fsym___cmd_ps_name                     0x08004e78   Data           9  msh.o(.rodata.name)
    __fsym___cmd_ps_desc                     0x08004e81   Data          28  msh.o(.rodata.name)
    __fsym___cmd_free_name                   0x08004e9d   Data          11  msh.o(.rodata.name)
    __fsym___cmd_free_desc                   0x08004ea8   Data          37  msh.o(.rodata.name)
    __fsym_list_mem_name                     0x08004ecd   Data           9  mem.o(.rodata.name)
    __fsym_list_mem_desc                     0x08004ed6   Data          30  mem.o(.rodata.name)
    __rt_init_rti_start                      0x08005140   Data           4  components.o(.rti_fn.0)
    __rt_init_rti_board_start                0x08005144   Data           4  components.o(.rti_fn.0.end)
    __rt_init_Test_Adc_Init                  0x08005148   Data           4  bsp_adc.o(.rti_fn.1)
    __rt_init_System_Uart_Init               0x0800514c   Data           4  bsp_uart.o(.rti_fn.1)
    __rt_init_rti_board_end                  0x08005150   Data           4  components.o(.rti_fn.1.end)
    __rt_init_Test_Adc_Value_Update_Thread_Init 0x08005154   Data           4  bsp_adc.o(.rti_fn.6)
    __rt_init_finsh_system_init              0x08005158   Data           4  shell.o(.rti_fn.6)
    __rt_init_rti_end                        0x0800515c   Data           4  components.o(.rti_fn.6.end)
    FSymTab$$Base                            0x08005160   Number         0  cmd.o(FSymTab)
    __fsym_hello                             0x08005160   Data          12  cmd.o(FSymTab)
    __fsym_version                           0x0800516c   Data          12  cmd.o(FSymTab)
    __fsym___cmd_version                     0x08005178   Data          12  cmd.o(FSymTab)
    __fsym_list_thread                       0x08005184   Data          12  cmd.o(FSymTab)
    __fsym___cmd_list_thread                 0x08005190   Data          12  cmd.o(FSymTab)
    __fsym_list_sem                          0x0800519c   Data          12  cmd.o(FSymTab)
    __fsym___cmd_list_sem                    0x080051a8   Data          12  cmd.o(FSymTab)
    __fsym_list_mailbox                      0x080051b4   Data          12  cmd.o(FSymTab)
    __fsym___cmd_list_mailbox                0x080051c0   Data          12  cmd.o(FSymTab)
    __fsym_list_timer                        0x080051cc   Data          12  cmd.o(FSymTab)
    __fsym___cmd_list_timer                  0x080051d8   Data          12  cmd.o(FSymTab)
    __fsym_list                              0x080051e4   Data          12  cmd.o(FSymTab)
    __fsym___cmd_help                        0x080051f0   Data          12  msh.o(FSymTab)
    __fsym___cmd_ps                          0x080051fc   Data          12  msh.o(FSymTab)
    __fsym___cmd_free                        0x08005208   Data          12  msh.o(FSymTab)
    __fsym_list_mem                          0x08005214   Data          12  mem.o(FSymTab)
    FSymTab$$Limit                           0x08005220   Number         0  mem.o(FSymTab)
    Region$$Table$$Base                      0x08005220   Number         0  anon$$obj.o(Region$$Table)
    Region$$Table$$Limit                     0x08005240   Number         0  anon$$obj.o(Region$$Table)
    SystemCoreClock                          0x20000000   Data           4  system_gd32f3x0.o(.data.SystemCoreClock)
    __libspace_start                         0x20000048   Data          96  libspace.o(.bss)
    __temporary_stack_top$libspace           0x200000a8   Data           0  libspace.o(.bss)
    adc_test_raw_data                        0x200000a8   Data           2  bsp_adc.o(.bss..L_MergedGlobals)
    adc_test_voltage                         0x200000ac   Data           4  bsp_adc.o(.bss..L_MergedGlobals)
    _syscall_table_begin                     0x200000b0   Data           4  shell.o(.bss..L_MergedGlobals)
    _syscall_table_end                       0x200000b4   Data           4  shell.o(.bss..L_MergedGlobals)
    _sysvar_table_begin                      0x200000b8   Data           4  shell.o(.bss..L_MergedGlobals)
    _sysvar_table_end                        0x200000bc   Data           4  shell.o(.bss..L_MergedGlobals)
    shell                                    0x200000c4   Data           4  shell.o(.bss..L_MergedGlobals)
    rt_current_priority                      0x20000100   Data           1  scheduler.o(.bss..L_MergedGlobals)
    rt_current_thread                        0x20000104   Data           4  scheduler.o(.bss..L_MergedGlobals)
    rt_thread_ready_priority_group           0x20000108   Data           4  scheduler.o(.bss..L_MergedGlobals)
    rt_thread_defunct                        0x2000010c   Data           8  scheduler.o(.bss..L_MergedGlobals)
    rt_thread_priority_table                 0x20000114   Data          64  scheduler.o(.bss..L_MergedGlobals)
    rt_interrupt_from_thread                 0x20001260   Data           4  cpuport.o(.bss.rt_interrupt_from_thread)
    rt_interrupt_nest                        0x20001264   Data           1  irq.o(.bss.rt_interrupt_nest)
    rt_interrupt_to_thread                   0x20001268   Data           4  cpuport.o(.bss.rt_interrupt_to_thread)
    rt_thread_switch_interrupt_flag          0x200013ec   Data           4  cpuport.o(.bss.rt_thread_switch_interrupt_flag)



==============================================================================

Memory Map of the image

  Image Entry point : 0x08000151

  Load Region LR_IROM1 (Base: 0x08000000, Size: 0x000052a8, Max: 0x00010000, ABSOLUTE)

    Execution Region ER_IROM1 (Exec base: 0x08000000, Load base: 0x08000000, Size: 0x0000525c, Max: 0x00010000, ABSOLUTE)

    Exec Addr    Load Addr    Size         Type   Attr      Idx    E Section Name        Object

    0x08000000   0x08000000   0x00000150   Data   RO           80    RESET               startup_gd32f3x0.o
    0x08000150   0x08000150   0x00000008   Code   RO         2056  * !!!main             c_w.l(__main.o)
    0x08000158   0x08000158   0x00000034   Code   RO         2304    !!!scatter          c_w.l(__scatter.o)
    0x0800018c   0x0800018c   0x0000001a   Code   RO         2306    !!handler_copy      c_w.l(__scatter_copy.o)
    0x080001a6   0x080001a6   0x00000002   PAD
    0x080001a8   0x080001a8   0x0000001c   Code   RO         2308    !!handler_zi        c_w.l(__scatter_zi.o)
    0x080001c4   0x080001c4   0x00000000   Code   RO         2041    .ARM.Collect$$_printf_percent$$00000000  c_w.l(_printf_percent.o)
    0x080001c4   0x080001c4   0x00000006   Code   RO         2040    .ARM.Collect$$_printf_percent$$00000003  c_w.l(_printf_f.o)
    0x080001ca   0x080001ca   0x00000006   Code   RO         2039    .ARM.Collect$$_printf_percent$$00000009  c_w.l(_printf_d.o)
    0x080001d0   0x080001d0   0x00000004   Code   RO         2083    .ARM.Collect$$_printf_percent$$00000017  c_w.l(_printf_percent_end.o)
    0x080001d4   0x080001d4   0x00000002   Code   RO         2169    .ARM.Collect$$libinit$$00000000  c_w.l(libinit.o)
    0x080001d6   0x080001d6   0x00000004   Code   RO         2170    .ARM.Collect$$libinit$$00000001  c_w.l(libinit2.o)
    0x080001da   0x080001da   0x00000000   Code   RO         2173    .ARM.Collect$$libinit$$00000004  c_w.l(libinit2.o)
    0x080001da   0x080001da   0x00000000   Code   RO         2176    .ARM.Collect$$libinit$$0000000A  c_w.l(libinit2.o)
    0x080001da   0x080001da   0x00000000   Code   RO         2178    .ARM.Collect$$libinit$$0000000C  c_w.l(libinit2.o)
    0x080001da   0x080001da   0x00000000   Code   RO         2180    .ARM.Collect$$libinit$$0000000E  c_w.l(libinit2.o)
    0x080001da   0x080001da   0x00000006   Code   RO         2181    .ARM.Collect$$libinit$$0000000F  c_w.l(libinit2.o)
    0x080001e0   0x080001e0   0x00000000   Code   RO         2183    .ARM.Collect$$libinit$$00000011  c_w.l(libinit2.o)
    0x080001e0   0x080001e0   0x00000000   Code   RO         2185    .ARM.Collect$$libinit$$00000013  c_w.l(libinit2.o)
    0x080001e0   0x080001e0   0x00000000   Code   RO         2187    .ARM.Collect$$libinit$$00000015  c_w.l(libinit2.o)
    0x080001e0   0x080001e0   0x0000000a   Code   RO         2188    .ARM.Collect$$libinit$$00000016  c_w.l(libinit2.o)
    0x080001ea   0x080001ea   0x00000000   Code   RO         2189    .ARM.Collect$$libinit$$00000017  c_w.l(libinit2.o)
    0x080001ea   0x080001ea   0x00000000   Code   RO         2191    .ARM.Collect$$libinit$$00000019  c_w.l(libinit2.o)
    0x080001ea   0x080001ea   0x00000000   Code   RO         2193    .ARM.Collect$$libinit$$0000001B  c_w.l(libinit2.o)
    0x080001ea   0x080001ea   0x00000000   Code   RO         2195    .ARM.Collect$$libinit$$0000001D  c_w.l(libinit2.o)
    0x080001ea   0x080001ea   0x00000000   Code   RO         2197    .ARM.Collect$$libinit$$0000001F  c_w.l(libinit2.o)
    0x080001ea   0x080001ea   0x00000000   Code   RO         2199    .ARM.Collect$$libinit$$00000021  c_w.l(libinit2.o)
    0x080001ea   0x080001ea   0x00000000   Code   RO         2201    .ARM.Collect$$libinit$$00000023  c_w.l(libinit2.o)
    0x080001ea   0x080001ea   0x00000000   Code   RO         2203    .ARM.Collect$$libinit$$00000025  c_w.l(libinit2.o)
    0x080001ea   0x080001ea   0x00000000   Code   RO         2207    .ARM.Collect$$libinit$$0000002C  c_w.l(libinit2.o)
    0x080001ea   0x080001ea   0x00000000   Code   RO         2209    .ARM.Collect$$libinit$$0000002E  c_w.l(libinit2.o)
    0x080001ea   0x080001ea   0x00000000   Code   RO         2211    .ARM.Collect$$libinit$$00000030  c_w.l(libinit2.o)
    0x080001ea   0x080001ea   0x00000000   Code   RO         2213    .ARM.Collect$$libinit$$00000032  c_w.l(libinit2.o)
    0x080001ea   0x080001ea   0x00000002   Code   RO         2214    .ARM.Collect$$libinit$$00000033  c_w.l(libinit2.o)
    0x080001ec   0x080001ec   0x00000002   Code   RO         2250    .ARM.Collect$$libshutdown$$00000000  c_w.l(libshutdown.o)
    0x080001ee   0x080001ee   0x00000000   Code   RO         2261    .ARM.Collect$$libshutdown$$00000002  c_w.l(libshutdown2.o)
    0x080001ee   0x080001ee   0x00000000   Code   RO         2263    .ARM.Collect$$libshutdown$$00000004  c_w.l(libshutdown2.o)
    0x080001ee   0x080001ee   0x00000000   Code   RO         2266    .ARM.Collect$$libshutdown$$00000007  c_w.l(libshutdown2.o)
    0x080001ee   0x080001ee   0x00000000   Code   RO         2269    .ARM.Collect$$libshutdown$$0000000A  c_w.l(libshutdown2.o)
    0x080001ee   0x080001ee   0x00000000   Code   RO         2271    .ARM.Collect$$libshutdown$$0000000C  c_w.l(libshutdown2.o)
    0x080001ee   0x080001ee   0x00000000   Code   RO         2274    .ARM.Collect$$libshutdown$$0000000F  c_w.l(libshutdown2.o)
    0x080001ee   0x080001ee   0x00000002   Code   RO         2275    .ARM.Collect$$libshutdown$$00000010  c_w.l(libshutdown2.o)
    0x080001f0   0x080001f0   0x00000000   Code   RO         2072    .ARM.Collect$$rtentry$$00000000  c_w.l(__rtentry.o)
    0x080001f0   0x080001f0   0x00000000   Code   RO         2094    .ARM.Collect$$rtentry$$00000002  c_w.l(__rtentry2.o)
    0x080001f0   0x080001f0   0x00000006   Code   RO         2106    .ARM.Collect$$rtentry$$00000004  c_w.l(__rtentry4.o)
    0x080001f6   0x080001f6   0x00000000   Code   RO         2096    .ARM.Collect$$rtentry$$00000009  c_w.l(__rtentry2.o)
    0x080001f6   0x080001f6   0x00000004   Code   RO         2097    .ARM.Collect$$rtentry$$0000000A  c_w.l(__rtentry2.o)
    0x080001fa   0x080001fa   0x00000000   Code   RO         2099    .ARM.Collect$$rtentry$$0000000C  c_w.l(__rtentry2.o)
    0x080001fa   0x080001fa   0x00000008   Code   RO         2100    .ARM.Collect$$rtentry$$0000000D  c_w.l(__rtentry2.o)
    0x08000202   0x08000202   0x00000002   Code   RO         2215    .ARM.Collect$$rtexit$$00000000  c_w.l(rtexit.o)
    0x08000204   0x08000204   0x00000000   Code   RO         2224    .ARM.Collect$$rtexit$$00000002  c_w.l(rtexit2.o)
    0x08000204   0x08000204   0x00000004   Code   RO         2225    .ARM.Collect$$rtexit$$00000003  c_w.l(rtexit2.o)
    0x08000208   0x08000208   0x00000006   Code   RO         2226    .ARM.Collect$$rtexit$$00000004  c_w.l(rtexit2.o)
    0x0800020e   0x0800020e   0x00000002   PAD
    0x08000210   0x08000210   0x00000040   Code   RO           81    .text               startup_gd32f3x0.o
    0x08000250   0x08000250   0x00000134   Code   RO         1647    .text               context_rvds.o
    0x08000384   0x08000384   0x00000028   Code   RO         2013    .text               c_w.l(noretval__2sprintf.o)
    0x080003ac   0x080003ac   0x00000068   Code   RO         2015    .text               c_w.l(__printf.o)
    0x08000414   0x08000414   0x00000078   Code   RO         2017    .text               c_w.l(_printf_dec.o)
    0x0800048c   0x0800048c   0x0000003e   Code   RO         2044    .text               c_w.l(strlen.o)
    0x080004ca   0x080004ca   0x00000096   Code   RO         2046    .text               c_w.l(strncmp.o)
    0x08000560   0x08000560   0x00000044   Code   RO         2048    .text               c_w.l(rt_memclr.o)
    0x080005a4   0x080005a4   0x0000004e   Code   RO         2050    .text               c_w.l(rt_memclr_w.o)
    0x080005f2   0x080005f2   0x00000056   Code   RO         2052    .text               c_w.l(strncpy.o)
    0x08000648   0x08000648   0x00000006   Code   RO         2054    .text               c_w.l(heapauxi.o)
    0x0800064e   0x0800064e   0x000000b2   Code   RO         2073    .text               c_w.l(_printf_intcommon.o)
    0x08000700   0x08000700   0x0000041c   Code   RO         2075    .text               c_w.l(_printf_fp_dec.o)
    0x08000b1c   0x08000b1c   0x00000030   Code   RO         2079    .text               c_w.l(_printf_char_common.o)
    0x08000b4c   0x08000b4c   0x0000000a   Code   RO         2081    .text               c_w.l(_sputc.o)
    0x08000b56   0x08000b56   0x00000002   PAD
    0x08000b58   0x08000b58   0x00000008   Code   RO         2111    .text               c_w.l(rt_locale_intlibspace.o)
    0x08000b60   0x08000b60   0x0000008a   Code   RO         2113    .text               c_w.l(lludiv10.o)
    0x08000bea   0x08000bea   0x00000002   PAD
    0x08000bec   0x08000bec   0x00000080   Code   RO         2115    .text               c_w.l(_printf_fp_infnan.o)
    0x08000c6c   0x08000c6c   0x000000e4   Code   RO         2119    .text               c_w.l(bigflt0.o)
    0x08000d50   0x08000d50   0x00000008   Code   RO         2153    .text               c_w.l(libspace.o)
    0x08000d58   0x08000d58   0x0000004a   Code   RO         2156    .text               c_w.l(sys_stackheap_outer.o)
    0x08000da2   0x08000da2   0x00000012   Code   RO         2160    .text               c_w.l(exit.o)
    0x08000db4   0x08000db4   0x00000004   PAD
    0x08000db8   0x08000db8   0x0000007c   Code   RO         2162    .text               c_w.l(strcmpv7em.o)
    0x08000e34   0x08000e34   0x0000000c   Code   RO         2236    .text               c_w.l(sys_exit.o)
    0x08000e40   0x08000e40   0x00000002   Code   RO         2251    .text               c_w.l(use_no_semi.o)
    0x08000e42   0x08000e42   0x00000000   Code   RO         2253    .text               c_w.l(indicate_semi.o)
    0x08000e42   0x08000e42   0x0000000a   Code   RO         1628    .text.$Sub$$main    components.o
    0x08000e4c   0x08000e4c   0x0000004c   Code   RO           19    .text.App_Print_Adc_Data_Thread  main.o
    0x08000e98   0x08000e98   0x00000002   Code   RO            6    .text.BusFault_Handler  gd32f3x0_it.o
    0x08000e9a   0x08000e9a   0x00000002   Code   RO           10    .text.DebugMon_Handler  gd32f3x0_it.o
    0x08000e9c   0x08000e9c   0x00000002   Code   RO            4    .text.MemManage_Handler  gd32f3x0_it.o
    0x08000e9e   0x08000e9e   0x00000002   Code   RO            2    .text.NMI_Handler   gd32f3x0_it.o
    0x08000ea0   0x08000ea0   0x0000001a   Code   RO          173    .text.OUTLINED_FUNCTION_0  gd32f3x0_adc.o
    0x08000eba   0x08000eba   0x0000000e   Code   RO          814    .text.OUTLINED_FUNCTION_0  gd32f3x0_rcu.o
    0x08000ec8   0x08000ec8   0x0000000e   Code   RO         1492    .text.OUTLINED_FUNCTION_0  cmd.o
    0x08000ed6   0x08000ed6   0x0000000a   Code   RO         1513    .text.OUTLINED_FUNCTION_0  finsh_port.o
    0x08000ee0   0x08000ee0   0x00000006   Code   RO         1566    .text.OUTLINED_FUNCTION_0  shell.o
    0x08000ee6   0x08000ee6   0x0000000e   Code   RO         1853    .text.OUTLINED_FUNCTION_0  mem.o
    0x08000ef4   0x08000ef4   0x0000000a   Code   RO         1890    .text.OUTLINED_FUNCTION_0  object.o
    0x08000efe   0x08000efe   0x0000001e   Code   RO         1999    .text.OUTLINED_FUNCTION_0  timer.o
    0x08000f1c   0x08000f1c   0x0000001c   Code   RO          175    .text.OUTLINED_FUNCTION_1  gd32f3x0_adc.o
    0x08000f38   0x08000f38   0x0000000a   Code   RO         1427    .text.OUTLINED_FUNCTION_1  gd32f3x0_usart.o
    0x08000f42   0x08000f42   0x0000000a   Code   RO         1494    .text.OUTLINED_FUNCTION_1  cmd.o
    0x08000f4c   0x08000f4c   0x00000006   Code   RO         1967    .text.OUTLINED_FUNCTION_1  thread.o
    0x08000f52   0x08000f52   0x0000000a   Code   RO          177    .text.OUTLINED_FUNCTION_2  gd32f3x0_adc.o
    0x08000f5c   0x08000f5c   0x0000000a   Code   RO         1429    .text.OUTLINED_FUNCTION_2  gd32f3x0_usart.o
    0x08000f66   0x08000f66   0x0000000a   Code   RO         1496    .text.OUTLINED_FUNCTION_2  cmd.o
    0x08000f70   0x08000f70   0x0000000a   Code   RO          179    .text.OUTLINED_FUNCTION_3  gd32f3x0_adc.o
    0x08000f7a   0x08000f7a   0x0000000a   Code   RO          820    .text.OUTLINED_FUNCTION_3  gd32f3x0_rcu.o
    0x08000f84   0x08000f84   0x00000008   Code   RO          822    .text.OUTLINED_FUNCTION_4  gd32f3x0_rcu.o
    0x08000f8c   0x08000f8c   0x00000006   Code   RO         1742    .text.OUTLINED_FUNCTION_5  ipc.o
    0x08000f92   0x08000f92   0x00000012   Code   RO         1586    .text.SysTick_Handler  board.o
    0x08000fa4   0x08000fa4   0x000000a8   Code   RO           90    .text.SystemCoreClockUpdate  system_gd32f3x0.o
    0x0800104c   0x0800104c   0x000001d0   Code   RO           88    .text.SystemInit    system_gd32f3x0.o
    0x0800121c   0x0800121c   0x000000ac   Code   RO           70    .text.System_Uart_Init  bsp_uart.o
    0x080012c8   0x080012c8   0x00000008   Code   RO           55    .text.Test_Adc_Get_Raw  bsp_adc.o
    0x080012d0   0x080012d0   0x00000008   Code   RO           57    .text.Test_Adc_Get_Voltage  bsp_adc.o
    0x080012d8   0x080012d8   0x00000058   Code   RO           47    .text.Test_Adc_Init  bsp_adc.o
    0x08001330   0x08001330   0x0000002a   Code   RO           49    .text.Test_Adc_Sample  bsp_adc.o
    0x0800135a   0x0800135a   0x00000006   PAD
    0x08001360   0x08001360   0x0000005c   Code   RO           51    .text.Test_Adc_Value_Update_Thread  bsp_adc.o
    0x080013bc   0x080013bc   0x00000028   Code   RO           53    .text.Test_Adc_Value_Update_Thread_Init  bsp_adc.o
    0x080013e4   0x080013e4   0x00000002   Code   RO            8    .text.UsageFault_Handler  gd32f3x0_it.o
    0x080013e6   0x080013e6   0x00000002   PAD
    0x080013e8   0x080013e8   0x00000034   Code   RO         1823    .text.__rt_ffs      kservice.o
    0x0800141c   0x0800141c   0x00000068   Code   RO         1933    .text._rt_thread_init  thread.o
    0x08001484   0x08001484   0x0000001c   Code   RO         1929    .text._thread_cleanup_execute  thread.o
    0x080014a0   0x080014a0   0x00000020   Code   RO          107    .text.adc_calibration_enable  gd32f3x0_adc.o
    0x080014c0   0x080014c0   0x00000048   Code   RO          127    .text.adc_channel_length_config  gd32f3x0_adc.o
    0x08001508   0x08001508   0x00000014   Code   RO          125    .text.adc_data_alignment_config  gd32f3x0_adc.o
    0x0800151c   0x0800151c   0x00000014   Code   RO          103    .text.adc_enable    gd32f3x0_adc.o
    0x08001530   0x08001530   0x00000038   Code   RO          135    .text.adc_external_trigger_config  gd32f3x0_adc.o
    0x08001568   0x08001568   0x00000024   Code   RO          137    .text.adc_external_trigger_source_config  gd32f3x0_adc.o
    0x0800158c   0x0800158c   0x00000008   Code   RO          163    .text.adc_flag_clear  gd32f3x0_adc.o
    0x08001594   0x08001594   0x00000010   Code   RO          161    .text.adc_flag_get  gd32f3x0_adc.o
    0x080015a4   0x080015a4   0x0000006c   Code   RO          129    .text.adc_regular_channel_config  gd32f3x0_adc.o
    0x08001610   0x08001610   0x0000000c   Code   RO          141    .text.adc_regular_data_read  gd32f3x0_adc.o
    0x0800161c   0x0800161c   0x00000020   Code   RO          139    .text.adc_software_trigger_enable  gd32f3x0_adc.o
    0x0800163c   0x0800163c   0x0000000a   Code   RO         1529    .text.cmd_free      msh.o
    0x08001646   0x08001646   0x0000000a   Code   RO         1527    .text.cmd_ps        msh.o
    0x08001650   0x08001650   0x0000005c   Code   RO         1548    .text.finsh_get_prompt  shell.o
    0x080016ac   0x080016ac   0x000000a0   Code   RO         1564    .text.finsh_system_init  shell.o
    0x0800174c   0x0800174c   0x000002f8   Code   RO         1558    .text.finsh_thread_entry  shell.o
    0x08001a44   0x08001a44   0x00000060   Code   RO          565    .text.gpio_af_set   gd32f3x0_gpio.o
    0x08001aa4   0x08001aa4   0x0000004e   Code   RO          545    .text.gpio_mode_set  gd32f3x0_gpio.o
    0x08001af2   0x08001af2   0x00000074   Code   RO          547    .text.gpio_output_options_set  gd32f3x0_gpio.o
    0x08001b66   0x08001b66   0x00000002   PAD
    0x08001b68   0x08001b68   0x00000020   Code   RO         1470    .text.hello         cmd.o
    0x08001b88   0x08001b88   0x00000070   Code   RO         1490    .text.list          cmd.o
    0x08001bf8   0x08001bf8   0x0000005c   Code   RO         1478    .text.list_get_next  cmd.o
    0x08001c54   0x08001c54   0x00000134   Code   RO         1486    .text.list_mailbox  cmd.o
    0x08001d88   0x08001d88   0x00000070   Code   RO         1851    .text.list_mem      mem.o
    0x08001df8   0x08001df8   0x00000118   Code   RO         1480    .text.list_sem      cmd.o
    0x08001f10   0x08001f10   0x00000178   Code   RO         1474    .text.list_thread   cmd.o
    0x08002088   0x08002088   0x00000150   Code   RO         1488    .text.list_timer    cmd.o
    0x080021d8   0x080021d8   0x0000002c   Code   RO           21    .text.main          main.o
    0x08002204   0x08002204   0x0000000e   Code   RO         1632    .text.main_thread_entry  components.o
    0x08002212   0x08002212   0x00000002   PAD
    0x08002214   0x08002214   0x000000b0   Code   RO         1533    .text.msh_auto_complete  msh.o
    0x080022c4   0x080022c4   0x000001d4   Code   RO         1531    .text.msh_exec      msh.o
    0x08002498   0x08002498   0x0000007c   Code   RO         1525    .text.msh_help      msh.o
    0x08002514   0x08002514   0x00000004   Code   RO         1523    .text.msh_is_used   msh.o
    0x08002518   0x08002518   0x00000018   Code   RO          661    .text.nvic_vector_table_set  gd32f3x0_misc.o
    0x08002530   0x08002530   0x0000001c   Code   RO         1476    .text.object_split  cmd.o
    0x0800254c   0x0800254c   0x00000050   Code   RO         1845    .text.plug_holes    mem.o
    0x0800259c   0x0800259c   0x00000194   Code   RO         1807    .text.print_number  kservice.o
    0x08002730   0x08002730   0x0000008c   Code   RO          756    .text.rcu_adc_clock_config  gd32f3x0_rcu.o
    0x080027bc   0x080027bc   0x000001a4   Code   RO          812    .text.rcu_clock_freq_get  gd32f3x0_rcu.o
    0x08002960   0x08002960   0x00000010   Code   RO          730    .text.rcu_periph_clock_enable  gd32f3x0_rcu.o
    0x08002970   0x08002970   0x00000010   Code   RO          740    .text.rcu_periph_reset_disable  gd32f3x0_rcu.o
    0x08002980   0x08002980   0x00000014   Code   RO          738    .text.rcu_periph_reset_enable  gd32f3x0_rcu.o
    0x08002994   0x08002994   0x0000002c   Code   RO         1634    .text.rt_application_init  components.o
    0x080029c0   0x080029c0   0x0000001e   Code   RO         1847    .text.rt_calloc     mem.o
    0x080029de   0x080029de   0x00000002   PAD
    0x080029e0   0x080029e0   0x00000018   Code   RO         1624    .text.rt_components_board_init  components.o
    0x080029f8   0x080029f8   0x0000001c   Code   RO         1626    .text.rt_components_init  components.o
    0x08002a14   0x08002a14   0x00000018   Code   RO         1911    .text.rt_enter_critical  scheduler.o
    0x08002a2c   0x08002a2c   0x00000038   Code   RO         1913    .text.rt_exit_critical  scheduler.o
    0x08002a64   0x08002a64   0x000000c4   Code   RO         1843    .text.rt_free       mem.o
    0x08002b28   0x08002b28   0x00000004   Code   RO         1580    .text.rt_heap_begin_get  board.o
    0x08002b2c   0x08002b2c   0x0000000c   Code   RO         1582    .text.rt_heap_end_get  board.o
    0x08002b38   0x08002b38   0x00000054   Code   RO         1584    .text.rt_hw_board_init  board.o
    0x08002b8c   0x08002b8c   0x00000020   Code   RO         1509    .text.rt_hw_console_getchar  finsh_port.o
    0x08002bac   0x08002bac   0x00000044   Code   RO         1511    .text.rt_hw_console_output  finsh_port.o
    0x08002bf0   0x08002bf0   0x0000032c   Code   RO         1657    .text.rt_hw_hard_fault_exception  cpuport.o
    0x08002f1c   0x08002f1c   0x0000003c   Code   RO         1653    .text.rt_hw_stack_init  cpuport.o
    0x08002f58   0x08002f58   0x00000018   Code   RO         1754    .text.rt_interrupt_enter  irq.o
    0x08002f70   0x08002f70   0x00000018   Code   RO         1756    .text.rt_interrupt_leave  irq.o
    0x08002f88   0x08002f88   0x00000008   Code   RO         1712    .text.rt_ipc_list_resume  ipc.o
    0x08002f90   0x08002f90   0x0000004e   Code   RO         1706    .text.rt_ipc_list_suspend  ipc.o
    0x08002fde   0x08002fde   0x00000002   PAD
    0x08002fe0   0x08002fe0   0x0000002c   Code   RO         1801    .text.rt_kprintf    kservice.o
    0x0800300c   0x0800300c   0x00000012   Code   RO         1482    .text.rt_list_len   cmd.o
    0x0800301e   0x0800301e   0x00000002   PAD
    0x08003020   0x08003020   0x000000f4   Code   RO         1839    .text.rt_malloc     mem.o
    0x08003114   0x08003114   0x0000002c   Code   RO         1779    .text.rt_memmove    kservice.o
    0x08003140   0x08003140   0x00000042   Code   RO         1775    .text.rt_memset     kservice.o
    0x08003182   0x08003182   0x00000050   Code   RO         1880    .text.rt_object_allocate  object.o
    0x080031d2   0x080031d2   0x00000026   Code   RO         1882    .text.rt_object_delete  object.o
    0x080031f8   0x080031f8   0x0000001e   Code   RO         1878    .text.rt_object_detach  object.o
    0x08003216   0x08003216   0x00000002   PAD
    0x08003218   0x08003218   0x00000028   Code   RO         1870    .text.rt_object_get_information  object.o
    0x08003240   0x08003240   0x0000004a   Code   RO         1876    .text.rt_object_init  object.o
    0x0800328a   0x0800328a   0x00000006   Code   RO         1884    .text.rt_object_is_systemobject  object.o
    0x08003290   0x08003290   0x00000050   Code   RO         1905    .text.rt_schedule   scheduler.o
    0x080032e0   0x080032e0   0x00000044   Code   RO         1907    .text.rt_schedule_insert_thread  scheduler.o
    0x08003324   0x08003324   0x00000040   Code   RO         1909    .text.rt_schedule_remove_thread  scheduler.o
    0x08003364   0x08003364   0x00000020   Code   RO         1694    .text.rt_sem_init   ipc.o
    0x08003384   0x08003384   0x00000044   Code   RO         1710    .text.rt_sem_release  ipc.o
    0x080033c8   0x080033c8   0x00000068   Code   RO         1704    .text.rt_sem_take   ipc.o
    0x08003430   0x08003430   0x000000b0   Code   RO         1799    .text.rt_show_version  kservice.o
    0x080034e0   0x080034e0   0x0000000e   Code   RO         1785    .text.rt_strlen     kservice.o
    0x080034ee   0x080034ee   0x0000002a   Code   RO         1789    .text.rt_strncpy    kservice.o
    0x08003518   0x08003518   0x000000b0   Code   RO         1837    .text.rt_system_heap_init  mem.o
    0x080035c8   0x080035c8   0x0000002c   Code   RO         1901    .text.rt_system_scheduler_init  scheduler.o
    0x080035f4   0x080035f4   0x00000024   Code   RO         1903    .text.rt_system_scheduler_start  scheduler.o
    0x08003618   0x08003618   0x00000010   Code   RO         1995    .text.rt_system_timer_init  timer.o
    0x08003628   0x08003628   0x00000002   Code   RO         1997    .text.rt_system_timer_thread_init  timer.o
    0x0800362a   0x0800362a   0x00000040   Code   RO         1943    .text.rt_thread_create  thread.o
    0x0800366a   0x0800366a   0x00000002   PAD
    0x0800366c   0x0800366c   0x00000054   Code   RO         1927    .text.rt_thread_exit  thread.o
    0x080036c0   0x080036c0   0x00000006   Code   RO         1680    .text.rt_thread_idle_entry  idle.o
    0x080036c6   0x080036c6   0x00000002   PAD
    0x080036c8   0x080036c8   0x00000044   Code   RO         1676    .text.rt_thread_idle_excute  idle.o
    0x0800370c   0x0800370c   0x00000044   Code   RO         1678    .text.rt_thread_idle_init  idle.o
    0x08003750   0x08003750   0x0000002e   Code   RO         1931    .text.rt_thread_init  thread.o
    0x0800377e   0x0800377e   0x0000000e   Code   RO         1957    .text.rt_thread_mdelay  thread.o
    0x0800378c   0x0800378c   0x00000046   Code   RO         1939    .text.rt_thread_resume  thread.o
    0x080037d2   0x080037d2   0x00000002   PAD
    0x080037d4   0x080037d4   0x00000008   Code   RO         1935    .text.rt_thread_self  thread.o
    0x080037dc   0x080037dc   0x00000040   Code   RO         1949    .text.rt_thread_sleep  thread.o
    0x0800381c   0x0800381c   0x0000002c   Code   RO         1937    .text.rt_thread_startup  thread.o
    0x08003848   0x08003848   0x00000040   Code   RO         1951    .text.rt_thread_suspend  thread.o
    0x08003888   0x08003888   0x00000026   Code   RO         1961    .text.rt_thread_timeout  thread.o
    0x080038ae   0x080038ae   0x00000002   PAD
    0x080038b0   0x080038b0   0x00000058   Code   RO         1947    .text.rt_thread_yield  thread.o
    0x08003908   0x08003908   0x00000026   Code   RO         1605    .text.rt_tick_from_millisecond  clock.o
    0x0800392e   0x0800392e   0x00000002   PAD
    0x08003930   0x08003930   0x00000008   Code   RO         1599    .text.rt_tick_get   clock.o
    0x08003938   0x08003938   0x0000002c   Code   RO         1603    .text.rt_tick_increase  clock.o
    0x08003964   0x08003964   0x000000a0   Code   RO         1991    .text.rt_timer_check  timer.o
    0x08003a04   0x08003a04   0x0000004a   Code   RO         1989    .text.rt_timer_control  timer.o
    0x08003a4e   0x08003a4e   0x00000016   Code   RO         1979    .text.rt_timer_detach  timer.o
    0x08003a64   0x08003a64   0x0000002e   Code   RO         1977    .text.rt_timer_init  timer.o
    0x08003a92   0x08003a92   0x00000002   PAD
    0x08003a94   0x08003a94   0x00000098   Code   RO         1985    .text.rt_timer_start  timer.o
    0x08003b2c   0x08003b2c   0x00000038   Code   RO         1987    .text.rt_timer_stop  timer.o
    0x08003b64   0x08003b64   0x00000298   Code   RO         1803    .text.rt_vsnprintf  kservice.o
    0x08003dfc   0x08003dfc   0x00000004   Code   RO         1620    .text.rti_board_end  components.o
    0x08003e00   0x08003e00   0x00000004   Code   RO         1618    .text.rti_board_start  components.o
    0x08003e04   0x08003e04   0x00000004   Code   RO         1622    .text.rti_end       components.o
    0x08003e08   0x08003e08   0x00000004   Code   RO         1616    .text.rti_start     components.o
    0x08003e0c   0x08003e0c   0x0000002a   Code   RO         1630    .text.rtthread_startup  components.o
    0x08003e36   0x08003e36   0x00000002   PAD
    0x08003e38   0x08003e38   0x00000034   Code   RO         1484    .text.show_wait_queue  cmd.o
    0x08003e6c   0x08003e6c   0x00000024   Code   RO         1805    .text.skip_atoi     kservice.o
    0x08003e90   0x08003e90   0x0000004c   Code   RO         1281    .text.usart_baudrate_set  gd32f3x0_usart.o
    0x08003edc   0x08003edc   0x00000008   Code   RO         1317    .text.usart_data_receive  gd32f3x0_usart.o
    0x08003ee4   0x08003ee4   0x00000008   Code   RO         1315    .text.usart_data_transmit  gd32f3x0_usart.o
    0x08003eec   0x08003eec   0x00000034   Code   RO         1279    .text.usart_deinit  gd32f3x0_usart.o
    0x08003f20   0x08003f20   0x0000000a   Code   RO         1289    .text.usart_enable  gd32f3x0_usart.o
    0x08003f2a   0x08003f2a   0x00000010   Code   RO         1413    .text.usart_flag_get  gd32f3x0_usart.o
    0x08003f3a   0x08003f3a   0x00000012   Code   RO         1283    .text.usart_parity_config  gd32f3x0_usart.o
    0x08003f4c   0x08003f4c   0x0000000a   Code   RO         1295    .text.usart_receive_config  gd32f3x0_usart.o
    0x08003f56   0x08003f56   0x00000012   Code   RO         1287    .text.usart_stop_bit_set  gd32f3x0_usart.o
    0x08003f68   0x08003f68   0x0000000a   Code   RO         1293    .text.usart_transmit_config  gd32f3x0_usart.o
    0x08003f72   0x08003f72   0x00000012   Code   RO         1285    .text.usart_word_length_set  gd32f3x0_usart.o
    0x08003f84   0x08003f84   0x0000000a   Code   RO         1472    .text.version       cmd.o
    0x08003f8e   0x08003f8e   0x0000003e   Code   RO         2122    CL$$btod_d2e        c_w.l(btod.o)
    0x08003fcc   0x08003fcc   0x00000046   Code   RO         2124    CL$$btod_d2e_denorm_low  c_w.l(btod.o)
    0x08004012   0x08004012   0x00000060   Code   RO         2123    CL$$btod_d2e_norm_op1  c_w.l(btod.o)
    0x08004072   0x08004072   0x00000002   PAD
    0x08004074   0x08004074   0x00000338   Code   RO         2132    CL$$btod_div_common  c_w.l(btod.o)
    0x080043ac   0x080043ac   0x000000dc   Code   RO         2129    CL$$btod_e2e        c_w.l(btod.o)
    0x08004488   0x08004488   0x0000002a   Code   RO         2126    CL$$btod_ediv       c_w.l(btod.o)
    0x080044b2   0x080044b2   0x0000002a   Code   RO         2125    CL$$btod_emul       c_w.l(btod.o)
    0x080044dc   0x080044dc   0x00000244   Code   RO         2131    CL$$btod_mult_common  c_w.l(btod.o)
    0x08004720   0x08004720   0x00000030   Code   RO         2151    i.__ARM_fpclassify  m_wm.l(fpclassify.o)
    0x08004750   0x08004750   0x0000002c   Code   RO         2147    locale$$code        c_w.l(lc_numeric_c.o)
    0x0800477c   0x0800477c   0x00000062   Code   RO         2058    x$fpl$d2f           fz_wm.l(d2f.o)
    0x080047de   0x080047de   0x0000002e   Code   RO         2061    x$fpl$dflt          fz_wm.l(dflt_clz.o)
    0x0800480c   0x0800480c   0x00000154   Code   RO         2066    x$fpl$dmul          fz_wm.l(dmul.o)
    0x08004960   0x08004960   0x0000009c   Code   RO         2084    x$fpl$dnaninf       fz_wm.l(dnaninf.o)
    0x080049fc   0x080049fc   0x0000000c   Code   RO         2086    x$fpl$dretinf       fz_wm.l(dretinf.o)
    0x08004a08   0x08004a08   0x00000056   Code   RO         2068    x$fpl$f2d           fz_wm.l(f2d.o)
    0x08004a5e   0x08004a5e   0x0000008c   Code   RO         2088    x$fpl$fnaninf       fz_wm.l(fnaninf.o)
    0x08004aea   0x08004aea   0x0000001a   Code   RO         2221    x$fpl$fpinit        fz_wm.l(fpinit.o)
    0x08004b04   0x08004b04   0x0000000a   Code   RO         2090    x$fpl$fretinf       fz_wm.l(fretinf.o)
    0x08004b0e   0x08004b0e   0x00000004   Code   RO         2070    x$fpl$printf1       fz_wm.l(printf1.o)
    0x08004b12   0x08004b12   0x00000000   Code   RO         2092    x$fpl$usenofp       fz_wm.l(usenofp.o)
    0x08004b12   0x08004b12   0x00000002   PAD
    0x08004b14   0x08004b14   0x00000094   Data   RO         2120    .constdata          c_w.l(bigflt0.o)
    0x08004ba8   0x08004ba8   0x00000100   Data   RO         1828    .rodata.__lowest_bit_bitmap  kservice.o
    0x08004ca8   0x08004ca8   0x00000008   Data   RO          828    .rodata.cst8        gd32f3x0_rcu.o
    0x08004cb0   0x08004cb0   0x000001a7   Data   RO         1498    .rodata.name        cmd.o
    0x08004e57   0x08004e57   0x00000076   Data   RO         1536    .rodata.name        msh.o
    0x08004ecd   0x08004ecd   0x00000027   Data   RO         1855    .rodata.name        mem.o
    0x08004ef4   0x08004ef4   0x0000007e   Data   RO         1500    .rodata.str1.1      cmd.o
    0x08004f72   0x08004f72   0x00000007   Data   RO         1535    .rodata.str1.1      msh.o
    0x08004f79   0x08004f79   0x00000005   Data   RO         1569    .rodata.str1.1      shell.o
    0x08004f7e   0x08004f7e   0x000001bb   Data   RO         1664    .rodata.str1.1      cpuport.o
    0x08005139   0x08005139   0x00000007   Data   RO         1826    .rodata.str1.1      kservice.o
    0x08005140   0x08005140   0x00000004   Data   RO         1636    .rti_fn.0           components.o
    0x08005144   0x08005144   0x00000004   Data   RO         1637    .rti_fn.0.end       components.o
    0x08005148   0x08005148   0x00000004   Data   RO           59    .rti_fn.1           bsp_adc.o
    0x0800514c   0x0800514c   0x00000004   Data   RO           72    .rti_fn.1           bsp_uart.o
    0x08005150   0x08005150   0x00000004   Data   RO         1638    .rti_fn.1.end       components.o
    0x08005154   0x08005154   0x00000004   Data   RO           60    .rti_fn.6           bsp_adc.o
    0x08005158   0x08005158   0x00000004   Data   RO         1570    .rti_fn.6           shell.o
    0x0800515c   0x0800515c   0x00000004   Data   RO         1639    .rti_fn.6.end       components.o
    0x08005160   0x08005160   0x00000090   Data   RO         1499    FSymTab             cmd.o
    0x080051f0   0x080051f0   0x00000024   Data   RO         1537    FSymTab             msh.o
    0x08005214   0x08005214   0x0000000c   Data   RO         1856    FSymTab             mem.o
    0x08005220   0x08005220   0x00000020   Data   RO         2303    Region$$Table       anon$$obj.o
    0x08005240   0x08005240   0x0000001c   Data   RO         2146    locale$$data        c_w.l(lc_numeric_c.o)


    Execution Region RW_IRAM1 (Exec base: 0x20000000, Load base: 0x08005260, Size: 0x00001bf8, Max: 0x00002000, ABSOLUTE)

    Exec Addr    Load Addr    Size         Type   Attr      Idx    E Section Name        Object

    0x20000000   0x08005260   0x00000004   Data   RW           92    .data.SystemCoreClock  system_gd32f3x0.o
    0x20000004   0x08005264   0x00000040   Data   RW         1892    .data.rt_object_container  object.o
    0x20000044   0x080052a4   0x00000004   PAD
    0x20000048        -       0x00000060   Zero   RW         2154    .bss                c_w.l(libspace.o)
    0x200000a8        -       0x00000008   Zero   RW           61    .bss..L_MergedGlobals  bsp_adc.o
    0x200000b0        -       0x00000018   Zero   RW         1571    .bss..L_MergedGlobals  shell.o
    0x200000c8        -       0x00000038   Zero   RW         1857    .bss..L_MergedGlobals  mem.o
    0x20000100        -       0x00000054   Zero   RW         1917    .bss..L_MergedGlobals  scheduler.o
    0x20000154        -       0x0000000c   Zero   RW         2001    .bss..L_MergedGlobals  timer.o
    0x20000160        -       0x00000081   Zero   RW         1568    .bss.finsh_get_prompt.finsh_prompt  shell.o
    0x200001e1   0x080052a4   0x00000003   PAD
    0x200001e4        -       0x00000078   Zero   RW         1684    .bss.idle           idle.o
    0x2000025c        -       0x00000004   Zero   RW         1663    .bss.rt_exception_hook  cpuport.o
    0x20000260        -       0x00001000   Zero   RW         1588    .bss.rt_heap        board.o
    0x20001260        -       0x00000004   Zero   RW         1665    .bss.rt_interrupt_from_thread  cpuport.o
    0x20001264        -       0x00000001   Zero   RW         1760    .bss.rt_interrupt_nest  irq.o
    0x20001265   0x080052a4   0x00000003   PAD
    0x20001268        -       0x00000004   Zero   RW         1666    .bss.rt_interrupt_to_thread  cpuport.o
    0x2000126c        -       0x00000080   Zero   RW         1827    .bss.rt_kprintf.rt_log_buf  kservice.o
    0x200012ec        -       0x00000100   Zero   RW         1685    .bss.rt_thread_stack  idle.o
    0x200013ec        -       0x00000004   Zero   RW         1667    .bss.rt_thread_switch_interrupt_flag  cpuport.o
    0x200013f0        -       0x00000004   Zero   RW         1607    .bss.rt_tick        clock.o
    0x200013f4   0x080052a4   0x00000004   PAD
    0x200013f8        -       0x00000400   Zero   RW           79    HEAP                startup_gd32f3x0.o
    0x200017f8        -       0x00000400   Zero   RW           78    STACK               startup_gd32f3x0.o


==============================================================================

Image component sizes


      Code (inc. data)   RO Data    RW Data    ZI Data      Debug   Object Name

       118         16          0          0       4096       1406   board.o
       278         20          8          0          8       4010   bsp_adc.o
       172          4          4          0          0       1394   bsp_uart.o
        90          4          0          0          4       2656   clock.o
      1678        600        693          0          0      10531   cmd.o
       178         24         16          0          0       3119   components.o
       308         28          0          0          0        784   context_rvds.o
       872        320        443          0         16       3509   cpuport.o
       110          4          0          0          0       2034   finsh_port.o
       486         20          0          0          0       8948   gd32f3x0_adc.o
       290          0          0          0          0       4806   gd32f3x0_gpio.o
        10          0          0          0          0        702   gd32f3x0_it.o
        24          8          0          0          0       3557   gd32f3x0_misc.o
       644         70          8          0          0      13429   gd32f3x0_rcu.o
       264          8          0          0          0      15258   gd32f3x0_usart.o
       142         24          0          0        376       2826   idle.o
       296          0          0          0          0      10310   ipc.o
        48          0          0          0          1       1115   irq.o
      1542        202        263          0        128      14001   kservice.o
       120         28          0          0          0       1942   main.o
       852        240         51          0         56       5311   mem.o
       792        148        161          0          0       4626   msh.o
       278          4          0         64          0       5989   object.o
       372         12          0          0         84       4629   scheduler.o
      1018        124          9          0        153       5894   shell.o
        64         26        336          0       2048        932   startup_gd32f3x0.o
       632         76          0          4          0       2998   system_gd32f3x0.o
       722         16          0          0          0       9193   thread.o
       558         18          0          0         12       7242   timer.o

    ----------------------------------------------------------------------
     12992       2044       2024         68       6996     153151   Object Totals
         0          0         32          0          0          0   (incl. Generated)
        34          0          0          0         14          0   (incl. Padding)

    ----------------------------------------------------------------------

      Code (inc. data)   RO Data    RW Data    ZI Data      Debug   Library Member Name

         8          0          0          0          0         68   __main.o
       104          0          0          0          0         84   __printf.o
         0          0          0          0          0          0   __rtentry.o
        12          0          0          0          0          0   __rtentry2.o
         6          0          0          0          0          0   __rtentry4.o
        52          8          0          0          0          0   __scatter.o
        26          0          0          0          0          0   __scatter_copy.o
        28          0          0          0          0          0   __scatter_zi.o
        48          6          0          0          0         96   _printf_char_common.o
         6          0          0          0          0          0   _printf_d.o
       120         16          0          0          0         92   _printf_dec.o
         6          0          0          0          0          0   _printf_f.o
      1052          0          0          0          0        148   _printf_fp_dec.o
       128         16          0          0          0         84   _printf_fp_infnan.o
       178          0          0          0          0         88   _printf_intcommon.o
         0          0          0          0          0          0   _printf_percent.o
         4          0          0          0          0          0   _printf_percent_end.o
        10          0          0          0          0         68   _sputc.o
       228          4        148          0          0         96   bigflt0.o
      1936        128          0          0          0        668   btod.o
        18          0          0          0          0         80   exit.o
         6          0          0          0          0        152   heapauxi.o
         0          0          0          0          0          0   indicate_semi.o
        44         10         28          0          0         76   lc_numeric_c.o
         2          0          0          0          0          0   libinit.o
        22          0          0          0          0          0   libinit2.o
         2          0          0          0          0          0   libshutdown.o
         2          0          0          0          0          0   libshutdown2.o
         8          4          0          0         96         68   libspace.o
       138          0          0          0          0         80   lludiv10.o
        40          6          0          0          0         84   noretval__2sprintf.o
         8          4          0          0          0         68   rt_locale_intlibspace.o
        68          0          0          0          0         68   rt_memclr.o
        78          0          0          0          0         80   rt_memclr_w.o
         2          0          0          0          0          0   rtexit.o
        10          0          0          0          0          0   rtexit2.o
       124          0          0          0          0         88   strcmpv7em.o
        62          0          0          0          0         76   strlen.o
       150          0          0          0          0         80   strncmp.o
        86          0          0          0          0         76   strncpy.o
        12          4          0          0          0         68   sys_exit.o
        74          0          0          0          0         80   sys_stackheap_outer.o
         2          0          0          0          0         68   use_no_semi.o
        98          4          0          0          0        140   d2f.o
        46          0          0          0          0        116   dflt_clz.o
       340         12          0          0          0        152   dmul.o
       156          4          0          0          0        140   dnaninf.o
        12          0          0          0          0        116   dretinf.o
        86          4          0          0          0        132   f2d.o
       140          4          0          0          0        132   fnaninf.o
        26          0          0          0          0        116   fpinit.o
        10          0          0          0          0        116   fretinf.o
         4          0          0          0          0        116   printf1.o
         0          0          0          0          0          0   usenofp.o
        48          0          0          0          0        124   fpclassify.o

    ----------------------------------------------------------------------
      5892        234        176          0         96       4184   Library Totals
        16          0          0          0          0          0   (incl. Padding)

    ----------------------------------------------------------------------

      Code (inc. data)   RO Data    RW Data    ZI Data      Debug   Library Name

      4910        206        176          0         96       2784   c_w.l
       918         28          0          0          0       1276   fz_wm.l
        48          0          0          0          0        124   m_wm.l

    ----------------------------------------------------------------------
      5892        234        176          0         96       4184   Library Totals

    ----------------------------------------------------------------------

==============================================================================


      Code (inc. data)   RO Data    RW Data    ZI Data      Debug   

     18884       2278       2200         68       7092     154307   Grand Totals
     18884       2278       2200         68       7092     154307   ELF Image Totals
     18884       2278       2200         68          0          0   ROM Totals

==============================================================================

    Total RO  Size (Code + RO Data)                21084 (  20.59kB)
    Total RW  Size (RW Data + ZI Data)              7160 (   6.99kB)
    Total ROM Size (Code + RO Data + RW Data)      21152 (  20.66kB)

==============================================================================

